******************************************************************************
                  MSP430 Linker PC v4.2.1                      
******************************************************************************
>> Linked Sat Aug 09 18:29:17 2014

OUTPUT FILE NAME:   <ez430_chronos_433MHz.out>
ENTRY POINT SYMBOL: "_c_int00"  address: 0000df58


MEMORY CONFIGURATION

         name            origin    length      used     unused   attr    fill
----------------------  --------  ---------  --------  --------  ----  --------
  SFR                   00000000   00000010  00000000  00000010  RWIX
  PERIPHERALS_8BIT      00000010   000000f0  00000000  000000f0  RWIX
  PERIPHERALS_16BIT     00000100   00000100  00000000  00000100  RWIX
  INFOD                 00001800   00000080  00000000  00000080  RWIX
  INFOC                 00001880   00000080  00000000  00000080  RWIX
  INFOB                 00001900   00000080  00000000  00000080  RWIX
  INFOA                 00001980   00000080  00000000  00000080  RWIX
  RAM                   00001c00   00000ffe  0000038c  00000c72  RWIX
  FLASH                 00008000   00007f80  000073ad  00000bd3  RWIX
  INT00                 0000ff80   00000002  00000000  00000002  RWIX
  INT01                 0000ff82   00000002  00000000  00000002  RWIX
  INT02                 0000ff84   00000002  00000000  00000002  RWIX
  INT03                 0000ff86   00000002  00000000  00000002  RWIX
  INT04                 0000ff88   00000002  00000000  00000002  RWIX
  INT05                 0000ff8a   00000002  00000000  00000002  RWIX
  INT06                 0000ff8c   00000002  00000000  00000002  RWIX
  INT07                 0000ff8e   00000002  00000000  00000002  RWIX
  INT08                 0000ff90   00000002  00000000  00000002  RWIX
  INT09                 0000ff92   00000002  00000000  00000002  RWIX
  INT10                 0000ff94   00000002  00000000  00000002  RWIX
  INT11                 0000ff96   00000002  00000000  00000002  RWIX
  INT12                 0000ff98   00000002  00000000  00000002  RWIX
  INT13                 0000ff9a   00000002  00000000  00000002  RWIX
  INT14                 0000ff9c   00000002  00000000  00000002  RWIX
  INT15                 0000ff9e   00000002  00000000  00000002  RWIX
  INT16                 0000ffa0   00000002  00000000  00000002  RWIX
  INT17                 0000ffa2   00000002  00000000  00000002  RWIX
  INT18                 0000ffa4   00000002  00000000  00000002  RWIX
  INT19                 0000ffa6   00000002  00000000  00000002  RWIX
  INT20                 0000ffa8   00000002  00000000  00000002  RWIX
  INT21                 0000ffaa   00000002  00000000  00000002  RWIX
  INT22                 0000ffac   00000002  00000000  00000002  RWIX
  INT23                 0000ffae   00000002  00000000  00000002  RWIX
  INT24                 0000ffb0   00000002  00000000  00000002  RWIX
  INT25                 0000ffb2   00000002  00000000  00000002  RWIX
  INT26                 0000ffb4   00000002  00000000  00000002  RWIX
  INT27                 0000ffb6   00000002  00000000  00000002  RWIX
  INT28                 0000ffb8   00000002  00000000  00000002  RWIX
  INT29                 0000ffba   00000002  00000000  00000002  RWIX
  INT30                 0000ffbc   00000002  00000000  00000002  RWIX
  INT31                 0000ffbe   00000002  00000000  00000002  RWIX
  INT32                 0000ffc0   00000002  00000000  00000002  RWIX
  INT33                 0000ffc2   00000002  00000000  00000002  RWIX
  INT34                 0000ffc4   00000002  00000000  00000002  RWIX
  INT35                 0000ffc6   00000002  00000000  00000002  RWIX
  INT36                 0000ffc8   00000002  00000000  00000002  RWIX
  INT37                 0000ffca   00000002  00000000  00000002  RWIX
  INT38                 0000ffcc   00000002  00000000  00000002  RWIX
  INT39                 0000ffce   00000002  00000000  00000002  RWIX
  INT40                 0000ffd0   00000002  00000000  00000002  RWIX
  INT41                 0000ffd2   00000002  00000000  00000002  RWIX
  INT42                 0000ffd4   00000002  00000000  00000002  RWIX
  INT43                 0000ffd6   00000002  00000000  00000002  RWIX
  INT44                 0000ffd8   00000002  00000000  00000002  RWIX
  INT45                 0000ffda   00000002  00000000  00000002  RWIX
  INT46                 0000ffdc   00000002  00000000  00000002  RWIX
  INT47                 0000ffde   00000002  00000000  00000002  RWIX
  INT48                 0000ffe0   00000002  00000002  00000000  RWIX
  INT49                 0000ffe2   00000002  00000000  00000002  RWIX
  INT50                 0000ffe4   00000002  00000000  00000002  RWIX
  INT51                 0000ffe6   00000002  00000000  00000002  RWIX
  INT52                 0000ffe8   00000002  00000000  00000002  RWIX
  INT53                 0000ffea   00000002  00000002  00000000  RWIX
  INT54                 0000ffec   00000002  00000002  00000000  RWIX
  INT55                 0000ffee   00000002  00000002  00000000  RWIX
  INT56                 0000fff0   00000002  00000002  00000000  RWIX
  INT57                 0000fff2   00000002  00000000  00000002  RWIX
  INT58                 0000fff4   00000002  00000000  00000002  RWIX
  INT59                 0000fff6   00000002  00000000  00000002  RWIX
  INT60                 0000fff8   00000002  00000000  00000002  RWIX
  INT61                 0000fffa   00000002  00000000  00000002  RWIX
  INT62                 0000fffc   00000002  00000000  00000002  RWIX
  RESET                 0000fffe   00000002  00000002  00000000  RWIX


SECTION ALLOCATION MAP

 output                                  attributes/
section   page    origin      length       input sections
--------  ----  ----------  ----------   ----------------
.pinit     0    00008000    00000000     UNINITIALIZED

.bss       0    00001c00    0000033c     UNINITIALIZED
                  00001c00    0000008c     CC430_End_Device_433MHz.lib : nwk_QMgmt.obj (.bss)
                  00001c8c    0000006c     date.obj (.bss)
                  00001cf8    0000005e     ez430_chronos_drivers.lib : display.obj (.bss)
                  00001d56    00000048     rfsimpliciti.obj (.bss)
                  00001d9e    00000045     ps.obj (.bss)
                  00001de3    00000001     CC430_End_Device_433MHz.lib : main_ED_BM.obj (.bss)
                  00001de4    0000003d                                 : mrfi.obj (.bss)
                  00001e21    0000001d                                 : nwk.obj (.bss)
                  00001e3e    0000001a     bluerobin.obj (.bss)
                  00001e58    0000001a     bmp_ps.obj (.bss)
                  00001e72    00000013     clock.obj (.bss)
                  00001e85    00000001     CC430_End_Device_433MHz.lib : nwk_api.obj (.bss)
                  00001e86    00000012     main.obj (.bss)
                  00001e98    0000000e     altitude.obj (.bss)
                  00001ea6    0000000e     stopwatch.obj (.bss)
                  00001eb4    0000000a     CC430_End_Device_433MHz.lib : nwk_frame.obj (.bss)
                  00001ebe    0000000a                                 : nwk_link.obj (.bss)
                  00001ec8    0000000a     acceleration.obj (.bss)
                  00001ed2    0000000a     ez430_chronos_drivers.lib : ports.obj (.bss)
                  00001edc    0000000a     homegate.obj (.bss)
                  00001ee6    00000009     CC430_End_Device_433MHz.lib : nwk_globals.obj (.bss)
                  00001eef    00000001                                 : nwk_ping.obj (.bss)
                  00001ef0    00000009                                 : nwk_join.obj (.bss)
                  00001ef9    00000001     as.obj (.bss)
                  00001efa    00000008     battery.obj (.bss)
                  00001f02    00000008     ez430_chronos_drivers.lib : buzzer.obj (.bss)
                  00001f0a    00000008     rts430x.lib : _lock.obj (.bss)
                  00001f12    00000008                 : boot.obj (.bss)
                  00001f1a    00000007     timer.obj (.bss)
                  00001f21    00000001     rfbsl.obj (.bss)
                  00001f22    00000006     temperature.obj (.bss)
                  00001f28    00000004     alarm.obj (.bss)
                  00001f2c    00000004     menu.obj (.bss)
                  00001f30    00000003     CC430_End_Device_433MHz.lib : nwk_mgmt.obj (.bss)
                  00001f33    00000001     --HOLE--
                  00001f34    00000003     ez430_chronos_drivers.lib : adc12.obj (.bss)
                  00001f37    00000003     homeplug.obj (.bss)
                  00001f3a    00000002     counter.obj (.bss)

.stack     0    00002bac    00000050     UNINITIALIZED
                  00002bac    00000002     rts430x.lib : boot.obj (.stack)
                  00002bae    0000004e     --HOLE--

.text      0    00008000    00006c78     
                  00008000    00000294     ps.obj (.text:conv_pa_to_meter)
                  00008294    00000264     timer.obj (.text:_isr:TIMER0_A0_ISR)
                  000084f8    00000222     test.obj (.text:test_mode)
                  0000871a    00000212     user.obj (.text:set_value)
                  0000892c    00000208     date.obj (.text:mx_date)
                  00008b34    000001fa     ez430_chronos_drivers.lib : ports.obj (.text:_isr:PORT2_ISR)
                  00008d2e    000001f6     date.obj (.text:display_date)
                  00008f24    000001d6     ps.obj (.text:update_pressure_table)
                  000090fa    000001d4     clock.obj (.text:mx_time)
                  000092ce    000001ae     clock.obj (.text:clock_tick)
                  0000947c    00000198     CC430_End_Device_433MHz.lib : mrfi.obj (.text:MRFI_Init)
                  00009614    0000018e     bmp_ps.obj (.text:bmp_ps_get_pa)
                  000097a2    0000015e     CC430_End_Device_433MHz.lib : nwk_link.obj (.text:smpl_send_link_reply)
                  00009900    00000156     clock.obj (.text:display_time)
                  00009a56    00000152     CC430_End_Device_433MHz.lib : nwk_link.obj (.text:nwk_link)
                  00009ba8    0000013a     acceleration.obj (.text:display_acceleration)
                  00009ce2    00000136     homeplug.obj (.text:tx_homeplug_sequence)
                  00009e18    00000130     rts430x.lib : fs_add.obj (.text)
                  00009f48    00000122     main.obj (.text:display_update)
                  0000a06a    00000122     homeplug.obj (.text:homeplug_setup_radio)
                  0000a18c    00000120     homegate.obj (.text:homegate_setup_radio)
                  0000a2ac    0000011e     CC430_End_Device_433MHz.lib : nwk_api.obj (.text:SMPL_Ioctl)
                  0000a3ca    0000011c     stopwatch.obj (.text:display_stopwatch)
                  0000a4e6    00000112     rfsimpliciti.obj (.text:simpliciti_sync_decode_ap_cmd_callback)
                  0000a5f8    00000112     main.obj (.text:wakeup_event)
                  0000a70a    000000f8     CC430_End_Device_433MHz.lib : nwk_join.obj (.text:nwk_join)
                  0000a802    000000f6                                 : mrfi.obj (.text:Mrfi_SyncPinRxIsr)
                  0000a8f8    000000f2     alarm.obj (.text:mx_alarm)
                  0000a9ea    000000ee     CC430_End_Device_433MHz.lib : nwk_api.obj (.text:SMPL_SendOpt)
                  0000aad8    000000ee                                 : nwk_QMgmt.obj (.text:nwk_QfindOldest)
                  0000abc6    000000ea     homeplug.obj (.text:mx_homeplug)
                  0000acb0    000000ea     stopwatch.obj (.text:stopwatch_tick)
                  0000ad9a    000000e6     main.obj (.text:init_application)
                  0000ae80    000000e6     temperature.obj (.text:mx_temperature)
                  0000af66    000000e4     rfsimpliciti.obj (.text:simpliciti_sync_get_data_callback)
                  0000b04a    000000e4     rfsimpliciti.obj (.text:start_simpliciti_tx_only)
                  0000b12e    000000d8     altitude.obj (.text:display_altitude)
                  0000b206    000000d8     temperature.obj (.text:display_temperature)
                  0000b2de    000000d6     altitude.obj (.text:mx_altitude)
                  0000b3b4    000000d4     CC430_End_Device_433MHz.lib : nwk.obj (.text:nwk_allocateLocalRxPort)
                  0000b488    000000ce     ez430_chronos_drivers.lib : display.obj (.text:display_chars)
                  0000b556    000000cc                               : display.obj (.text:int_to_array)
                  0000b622    000000cc     homeplug.obj (.text:sx_homeplug)
                  0000b6ee    000000c6     CC430_End_Device_433MHz.lib : mrfi.obj (.text:MRFI_Transmit)
                  0000b7b4    000000c4     main.obj (.text:read_calibration_values)
                  0000b878    000000b8     alarm.obj (.text:display_alarm)
                  0000b930    000000b8     altitude.obj (.text:do_altitude_measurement)
                  0000b9e8    000000b6     rts430x.lib : fs_mpy.obj (.text)
                  0000ba9e    000000b6     CC430_End_Device_433MHz.lib : main_ED_BM.obj (.text:simpliciti_link)
                  0000bb54    000000b6                                 : main_ED_BM.obj (.text:simpliciti_main_sync)
                  0000bc0a    000000aa     rfsimpliciti.obj (.text:start_simpliciti_sync)
                  0000bcb4    000000a2     CC430_End_Device_433MHz.lib : nwk_frame.obj (.text:nwk_retrieveFrame)
                  0000bd56    0000009c                                 : nwk_ioctl.obj (.text:nwk_radioControl)
                  0000bdf2    0000009c     rfsimpliciti.obj (.text:simpliciti_get_ed_data_callback)
                  0000be8e    00000096     ez430_chronos_drivers.lib : rf1a.obj (.text:Strobe)
                  0000bf24    00000096     temperature.obj (.text:temperature_measurement)
                  0000bfba    00000094     homegate.obj (.text:homegate_transmit)
                  0000c04e    00000094     CC430_End_Device_433MHz.lib : nwk.obj (.text:nwk_nwkInit)
                  0000c0e2    00000090                                 : mrfi.obj (.text:mrfiRadioInterfaceCmdStrobe)
                  0000c172    00000090                                 : nwk_frame.obj (.text:nwk_buildFrame)
                  0000c202    0000008e     bmp_ps.obj (.text:bmp_ps_get_cal_param)
                  0000c290    0000008e     rts430x.lib : fs_div.obj (.text)
                  0000c31e    0000008c     CC430_End_Device_433MHz.lib : nwk_frame.obj (.text:dispatchFrame)
                  0000c3aa    0000008c                                 : nwk.obj (.text:nwk_isConnectionValid)
                  0000c436    0000008c     ps.obj (.text:ps_i2c_sda)
                  0000c4c2    00000082     date.obj (.text:get_numberOfDays)
                  0000c544    00000080     CC430_End_Device_433MHz.lib : nwk_frame.obj (.text:nwk_sendAckReply)
                  0000c5c4    0000007a     timer.obj (.text:_isr:TIMER0_A1_5_ISR)
                  0000c63e    00000076     CC430_End_Device_433MHz.lib : nwk_QMgmt.obj (.text:nwk_QfindSlot)
                  0000c6b4    00000072     bmp_ps.obj (.text:bmp_ps_get_temp)
                  0000c726    00000072     ez430_chronos_drivers.lib : display.obj (.text:display_char)
                  0000c798    00000072     ps.obj (.text:ps_read_register)
                  0000c80a    0000006e     battery.obj (.text:battery_measurement)
                  0000c878    0000006e     main.obj (.text:init_global_variables)
                  0000c8e6    00000068     ez430_chronos_drivers.lib : adc12.obj (.text:adc12_single_conversion)
                  0000c94e    00000068     CC430_End_Device_433MHz.lib : nwk_link.obj (.text:smpl_send_unlink_reply)
                  0000c9b6    00000066     acceleration.obj (.text:convert_acceleration_value_to_mgrav)
                  0000ca1c    00000066     homegate.obj (.text:sx_hgate)
                  0000ca82    00000064     bmp_as.obj (.text:bmp_as_start)
                  0000cae6    00000064     CC430_End_Device_433MHz.lib : mrfi.obj (.text:mrfiRadioInterfaceReadRxFifo)
                  0000cb4a    00000062                                 : mrfi.obj (.text:MRFI_RadioIsr)
                  0000cbac    00000062     cma_ps.obj (.text:cma_ps_get_pa)
                  0000cc0e    00000060     as.obj (.text:as_read_register)
                  0000cc6e    00000060     as.obj (.text:as_write_register)
                  0000ccce    0000005e     date.obj (.text:add_day)
                  0000cd2c    0000005c     timer.obj (.text:Timer0_A4_Delay)
                  0000cd88    0000005c     battery.obj (.text:display_battery_V)
                  0000cde4    00000058     cma_ps.obj (.text:cma_ps_init)
                  0000ce3c    00000058     ps.obj (.text:ps_write_register)
                  0000ce94    00000058     rts430x.lib : div32u.obj (.text)
                  0000ceec    00000058     ez430_chronos_drivers.lib : display.obj (.text:write_lcd_mem)
                  0000cf44    00000056                               : display.obj (.text:clear_line)
                  0000cf9a    00000054     counter.obj (.text:mx_counter)
                  0000cfee    00000054     rfbsl.obj (.text:sx_rfbsl)
                  0000d042    00000052     CC430_End_Device_433MHz.lib : nwk_ioctl.obj (.text:nwk_rawSend)
                  0000d094    00000052     ps.obj (.text:ps_i2c_read)
                  0000d0e6    0000004c     bmp_as.obj (.text:bmp_as_get_data)
                  0000d132    0000004c     ez430_chronos_drivers.lib : ports.obj (.text:button_repeat_function)
                  0000d17e    0000004c     cma_ps.obj (.text:cma_ps_get_temp)
                  0000d1ca    0000004c     rts430x.lib : fs_toul.obj (.text)
                  0000d216    0000004c     altitude.obj (.text:start_altitude_measurement)
                  0000d262    0000004a     cma_as.obj (.text:cma_as_start)
                  0000d2ac    0000004a     rts430x.lib : fs_cmp.obj (.text)
                  0000d2f6    0000004a     ez430_chronos_drivers.lib : buzzer.obj (.text:toggle_buzzer)
                  0000d340    00000048     rts430x.lib : autoinit.obj (.text:_auto_init)
                  0000d388    00000048     ez430_chronos_drivers.lib : buzzer.obj (.text:start_buzzer)
                  0000d3d0    00000046                               : pmm.obj (.text:SetVCoreUp)
                  0000d416    00000046                               : display.obj (.text:display_hours)
                  0000d45c    00000046     CC430_End_Device_433MHz.lib : mrfi.obj (.text:mrfiRadioInterfaceReadReg)
                  0000d4a2    00000046     rts430x.lib : fs_tou.obj (.text)
                  0000d4e8    00000046     CC430_End_Device_433MHz.lib : main_ED_BM.obj (.text:simpliciti_main_tx_only)
                  0000d52e    00000044                                 : nwk_api.obj (.text:SMPL_Receive)
                  0000d572    00000044     main.obj (.text:process_requests)
                  0000d5b6    00000044     CC430_End_Device_433MHz.lib : nwk_ping.obj (.text:smpl_send_ping_reply)
                  0000d5fa    00000042     ps.obj (.text:ps_i2c_write)
                  0000d63c    00000040     CC430_End_Device_433MHz.lib : nwk.obj (.text:nwk_isValidReply)
                  0000d67c    00000040     altitude.obj (.text:reset_altitude_measurement)
                  0000d6bc    00000040     rts430x.lib : div32s.obj (.text)
                  0000d6fc    0000003e                 : asr32.obj (.text:l_asr_const)
                  0000d73a    0000003e                 : lsl32.obj (.text:l_lsl_const)
                  0000d778    0000003e                 : lsr32.obj (.text:l_lsr_const)
                  0000d7b6    0000003e     CC430_End_Device_433MHz.lib : nwk.obj (.text:nwk_getNextConnection)
                  0000d7f4    0000003c                                 : mrfi.obj (.text:MRFI_ReplyDelay)
                  0000d830    0000003c     as.obj (.text:as_start)
                  0000d86c    0000003c     CC430_End_Device_433MHz.lib : nwk.obj (.text:nwk_findPeer)
                  0000d8a8    0000003c                                 : nwk.obj (.text:nwk_isLinkDuplicate)
                  0000d8e4    0000003c     stopwatch.obj (.text:update_stopwatch_timer)
                  0000d920    0000003a     CC430_End_Device_433MHz.lib : mrfi.obj (.text:Mrfi_RxAddrIsFiltered)
                  0000d95a    0000003a     ez430_chronos_drivers.lib : rf1a.obj (.text:WriteSingleReg)
                  0000d994    0000003a     CC430_End_Device_433MHz.lib : nwk_mgmt.obj (.text:nwk_processMgmt)
                  0000d9ce    00000038                                 : nwk.obj (.text:initializeConnection)
                  0000da06    00000038     main.obj (.text:main)
                  0000da3e    00000036     CC430_End_Device_433MHz.lib : nwk.obj (.text:nwk_putNumObjectIntoMsg)
                  0000da74    00000036     rts430x.lib : fs_itof.obj (.text)
                  0000daaa    00000034     CC430_End_Device_433MHz.lib : bsp.obj (.text:BSP_Delay)
                  0000dade    00000034                                 : nwk_api.obj (.text:SMPL_Init)
                  0000db12    00000034                                 : mrfi.obj (.text:mrfiRadioInterfaceWriteReg)
                  0000db46    00000034                                 : mrfi.obj (.text:mrfiRadioInterfaceWriteTxFifo)
                  0000db7a    00000032                                 : mrfi.obj (.text:MRFI_SetLogicalChannel)
                  0000dbac    00000032     as.obj (.text:as_stop)
                  0000dbde    00000032     CC430_End_Device_433MHz.lib : nwk_ioctl.obj (.text:nwk_deviceAddress)
                  0000dc10    00000032     radio.obj (.text:radio_reset)
                  0000dc42    00000032     bluerobin.obj (.text:reset_bluerobin)
                  0000dc74    00000032     clock.obj (.text:reset_clock)
                  0000dca6    00000032     rts430x.lib : fs_ultof.obj (.text)
                  0000dcd8    00000032     alarm.obj (.text:sx_alarm)
                  0000dd0a    00000032     date.obj (.text:sx_date)
                  0000dd3c    00000030     CC430_End_Device_433MHz.lib : nwk_link.obj (.text:nwk_linkInit)
                  0000dd6c    00000030                                 : nwk_ioctl.obj (.text:nwk_rawReceive)
                  0000dd9c    00000030                                 : nwk_frame.obj (.text:nwk_sendFrame)
                  0000ddcc    0000002e                                 : mrfi.obj (.text:Mrfi_CalculateRssi)
                  0000ddfa    0000002e     as.obj (.text:as_init)
                  0000de28    0000002e     bmp_ps.obj (.text:bmp_ps_init)
                  0000de56    0000002c     CC430_End_Device_433MHz.lib : mrfi.obj (.text:Mrfi_RxModeOff)
                  0000de82    0000002c                                 : nwk_QMgmt.obj (.text:nwk_QadjustOrder)
                  0000deae    0000002c     rts430x.lib : div16s.obj (.text)
                  0000deda    0000002a     CC430_End_Device_433MHz.lib : mrfi.obj (.text:MRFI_SetRxAddrFilter)
                  0000df04    0000002a                                 : mrfi.obj (.text:Mrfi_DelayUsecSem)
                  0000df2e    0000002a     timer.obj (.text:Timer0_A3_Start)
                  0000df58    0000002a     rts430x.lib : boot.obj (.text:_isr:_c_int00_noexit)
                  0000df82    0000002a     cma_as.obj (.text:cma_as_get_data)
                  0000dfac    0000002a     ez430_chronos_drivers.lib : display.obj (.text:lcd_init)
                  0000dfd6    00000028     CC430_End_Device_433MHz.lib : nwk.obj (.text:map_lid2idx)
                  0000dffe    00000028                                 : nwk.obj (.text:nwk_getConnInfo)
                  0000e026    00000028                                 : nwk_ping.obj (.text:nwk_processPing)
                  0000e04e    00000028     rfsimpliciti.obj (.text:sx_ctrl)
                  0000e076    00000028     rfsimpliciti.obj (.text:sx_rf)
                  0000e09e    00000026     ez430_chronos_drivers.lib : pmm.obj (.text:SetVCore)
                  0000e0c4    00000026                               : pmm.obj (.text:SetVCoreDown)
                  0000e0ea    00000026     rfbsl.obj (.text:display_rfbsl)
                  0000e110    00000026     CC430_End_Device_433MHz.lib : nwk_link.obj (.text:handleLinkRequest)
                  0000e136    00000026     ez430_chronos_drivers.lib : ports.obj (.text:init_buttons)
                  0000e15c    00000026     ps.obj (.text:init_pressure_table)
                  0000e182    00000026     CC430_End_Device_433MHz.lib : nwk.obj (.text:nwk_checkConnInfo)
                  0000e1a8    00000026                                 : nwk_globals.obj (.text:nwk_globalsInit)
                  0000e1ce    00000026                                 : nwk_join.obj (.text:nwk_joinInit)
                  0000e1f4    00000026                                 : nwk_link.obj (.text:nwk_processLink)
                  0000e21a    00000026     rfsimpliciti.obj (.text:sx_sync)
                  0000e240    00000024     CC430_End_Device_433MHz.lib : mrfi.obj (.text:MRFI_Sleep)
                  0000e264    00000024                                 : mrfi.obj (.text:Mrfi_DelayUsec)
                  0000e288    00000024     ps.obj (.text:ps_init)
                  0000e2ac    00000024     rts430x.lib : fs_utof.obj (.text)
                  0000e2d0    00000022     CC430_End_Device_433MHz.lib : mrfi.obj (.text:MRFI_WakeUp)
                  0000e2f2    00000022     counter.obj (.text:display_counter)
                  0000e314    00000022     ez430_chronos_drivers.lib : display.obj (.text:display_value)
                  0000e336    00000022     rts430x.lib : memcmp.obj (.text:memcmp)
                  0000e358    00000022     CC430_End_Device_433MHz.lib : nwk_frame.obj (.text:nwk_buildAckReqFrame)
                  0000e37a    00000022     rts430x.lib : mult32_f5hw.obj (.text)
                  0000e39c    00000022     stopwatch.obj (.text:start_stopwatch)
                  0000e3be    00000022     altitude.obj (.text:stop_altitude_measurement)
                  0000e3e0    00000022     acceleration.obj (.text:sx_acceleration)
                  0000e402    00000020     CC430_End_Device_433MHz.lib : mrfi.obj (.text:MRFI_Rssi)
                  0000e422    00000020                                 : nwk_frame.obj (.text:MRFI_RxCompleteISR)
                  0000e442    00000020                                 : mrfi.obj (.text:MRFI_RxIdle)
                  0000e462    00000020                                 : mrfi.obj (.text:MRFI_RxOn)
                  0000e482    00000020     radio.obj (.text:_isr:radio_ISR)
                  0000e4a2    00000020     rts430x.lib : memmov.obj (.text:memmove)
                  0000e4c2    00000020     CC430_End_Device_433MHz.lib : nwk_ioctl.obj (.text:nwk_connectionControl)
                  0000e4e2    00000020     stopwatch.obj (.text:reset_stopwatch)
                  0000e502    00000020     ez430_chronos_drivers.lib : buzzer.obj (.text:stop_buzzer)
                  0000e522    0000001e     CC430_End_Device_433MHz.lib : mrfi.obj (.text:MRFI_EnableRxAddrFilter)
                  0000e540    0000001e                                 : mrfi.obj (.text:Mrfi_RandomBackoffDelay)
                  0000e55e    0000001e     ez430_chronos_drivers.lib : display.obj (.text:display_symbol)
                  0000e57c    0000001e     CC430_End_Device_433MHz.lib : nwk_frame.obj (.text:nwk_frameInit)
                  0000e59a    0000001e                                 : nwk_globals.obj (.text:nwk_setMyAddress)
                  0000e5b8    0000001c     alarm.obj (.text:check_alarm)
                  0000e5d4    0000001c     ez430_chronos_drivers.lib : display.obj (.text:clear_display_all)
                  0000e5f0    0000001c     altitude.obj (.text:convert_ft_to_m)
                  0000e60c    0000001c     altitude.obj (.text:convert_m_to_ft)
                  0000e628    0000001c     ez430_chronos_drivers.lib : display.obj (.text:display_am_pm_symbol)
                  0000e644    0000001c     CC430_End_Device_433MHz.lib : nwk_QMgmt.obj (.text:nwk_QInit)
                  0000e660    0000001c                                 : nwk_join.obj (.text:nwk_processJoin)
                  0000e67c    0000001a                                 : mrfi.obj (.text:MRFI_SetRFPwr)
                  0000e696    0000001a     ez430_chronos_drivers.lib : adc12.obj (.text:_isr:ADC12ISR)
                  0000e6b0    0000001a     stopwatch.obj (.text:stop_stopwatch)
                  0000e6ca    00000018     CC430_End_Device_433MHz.lib : mrfi.obj (.text:MRFI_DelayMs)
                  0000e6e2    00000018     temperature.obj (.text:convert_C_to_F)
                  0000e6fa    00000018     clock.obj (.text:convert_hour_to_12H_format)
                  0000e712    00000018     test.obj (.text:display_all_on)
                  0000e72a    00000018     acceleration.obj (.text:do_acceleration_measurement)
                  0000e742    00000018     alarm.obj (.text:reset_alarm)
                  0000e75a    00000016     CC430_End_Device_433MHz.lib : mrfi.obj (.text:MRFI_RandomByte)
                  0000e770    00000016                                 : mrfi.obj (.text:Mrfi_RxModeOn)
                  0000e786    00000016     ez430_chronos_drivers.lib : rf1a.obj (.text:ReadSingleReg)
                  0000e79c    00000016                               : ports.obj (.text:button_repeat_on)
                  0000e7b2    00000016     clock.obj (.text:display_selection_Timeformat1)
                  0000e7c8    00000016     rts430x.lib : div16u.obj (.text)
                  0000e7de    00000016                 : mult16_f5hw.obj (.text)
                  0000e7f4    00000016     stopwatch.obj (.text:sx_stopwatch)
                  0000e80a    00000014     timer.obj (.text:Timer0_Init)
                  0000e81e    00000014     ez430_chronos_drivers.lib : buzzer.obj (.text:countdown_buzzer)
                  0000e832    00000014     test.obj (.text:display_all_off)
                  0000e846    00000014     rfsimpliciti.obj (.text:display_ctrl)
                  0000e85a    00000014     homegate.obj (.text:display_hgate)
                  0000e86e    00000014     homeplug.obj (.text:display_homeplug)
                  0000e882    00000014     rfsimpliciti.obj (.text:display_rf)
                  0000e896    00000014     rfsimpliciti.obj (.text:display_sync)
                  0000e8aa    00000014     CC430_End_Device_433MHz.lib : nwk_api.obj (.text:ioctlPreInitAccessIsOK)
                  0000e8be    00000014     stopwatch.obj (.text:is_stopwatch)
                  0000e8d2    00000014     rts430x.lib : memset.obj (.text:memset)
                  0000e8e6    00000014     date.obj (.text:reset_date)
                  0000e8fa    00000012     temperature.obj (.text:convert_F_to_C)
                  0000e90c    00000012     acceleration.obj (.text:is_acceleration_measurement)
                  0000e91e    00000012     altitude.obj (.text:is_altitude_measurement)
                  0000e930    00000012     rts430x.lib : memcpy.obj (.text:memcpy)
                  0000e942    00000012     CC430_End_Device_433MHz.lib : nwk_join.obj (.text:nwk_getJoinToken)
                  0000e954    00000012                                 : nwk_link.obj (.text:nwk_getLinkToken)
                  0000e966    00000012                                 : nwk_globals.obj (.text:nwk_getMyAddress)
                  0000e978    00000012                                 : nwk_join.obj (.text:nwk_setJoinToken)
                  0000e98a    00000012                                 : nwk_link.obj (.text:nwk_setLinkToken)
                  0000e99c    00000012     radio.obj (.text:open_radio)
                  0000e9ae    00000012     battery.obj (.text:reset_batt_measurement)
                  0000e9c0    00000012     counter.obj (.text:sx_counter)
                  0000e9d2    00000010     CC430_End_Device_433MHz.lib : bsp.obj (.text:BSP_InitBoard)
                  0000e9e2    00000010     radio.obj (.text:close_radio)
                  0000e9f2    00000010     rts430x.lib : lsl32.obj (.text:l_lsl)
                  0000ea02    00000010                 : lsr32.obj (.text:l_lsr)
                  0000ea12    00000010     radio.obj (.text:radio_powerdown)
                  0000ea22    00000010     clock.obj (.text:sx_time)
                  0000ea32    0000000e     acceleration.obj (.text:acceleration_value_is_positive)
                  0000ea40    0000000e     bmp_ps.obj (.text:bmp_ps_write_register)
                  0000ea4e    0000000e     cma_as.obj (.text:cma_as_read_register)
                  0000ea5c    0000000e     clock.obj (.text:is_hour_am)
                  0000ea6a    0000000e     stopwatch.obj (.text:mx_stopwatch)
                  0000ea78    0000000e     acceleration.obj (.text:reset_acceleration)
                  0000ea86    0000000e     ez430_chronos_drivers.lib : display.obj (.text:set_blink_rate)
                  0000ea94    0000000c     CC430_End_Device_433MHz.lib : mrfi.obj (.text:MRFI_PostKillSem)
                  0000eaa0    0000000c                                 : mrfi.obj (.text:MRFI_Receive)
                  0000eaac    0000000c     timer.obj (.text:Timer0_Stop)
                  0000eab8    0000000c     bmp_ps.obj (.text:bmp_ps_read_register)
                  0000eac4    0000000c     ez430_chronos_drivers.lib : display.obj (.text:clear_display)
                  0000ead0    0000000c     cma_as.obj (.text:cma_as_write_register)
                  0000eadc    0000000c     cma_ps.obj (.text:cma_ps_read_register)
                  0000eae8    0000000c     cma_ps.obj (.text:cma_ps_start)
                  0000eaf4    0000000c     cma_ps.obj (.text:cma_ps_write_register)
                  0000eb00    0000000c     CC430_End_Device_433MHz.lib : nwk_ping.obj (.text:handlePingRequest)
                  0000eb0c    0000000c     bluerobin.obj (.text:is_bluerobin)
                  0000eb18    0000000c     rfsimpliciti.obj (.text:is_rf)
                  0000eb24    0000000c     temperature.obj (.text:is_temp_measurement)
                  0000eb30    0000000c     CC430_End_Device_433MHz.lib : nwk.obj (.text:nwk_getNumObjectFromMsg)
                  0000eb3c    0000000c                                 : nwk_globals.obj (.text:nwk_setAPAddress)
                  0000eb48    0000000c     menu.obj (.text:update_acceleration)
                  0000eb54    0000000c     menu.obj (.text:update_alarm)
                  0000eb60    0000000c     menu.obj (.text:update_battery_voltage)
                  0000eb6c    0000000c     menu.obj (.text:update_stopwatch)
                  0000eb78    0000000c     menu.obj (.text:update_temperature)
                  0000eb84    0000000a     ez430_chronos_drivers.lib : ports.obj (.text:button_repeat_off)
                  0000eb8e    0000000a     cma_ps.obj (.text:cma_ps_stop)
                  0000eb98    0000000a     CC430_End_Device_433MHz.lib : nwk_mgmt.obj (.text:nwk_mgmtInit)
                  0000eba2    0000000a                                 : nwk_ping.obj (.text:nwk_pingInit)
                  0000ebac    0000000a     ez430_chronos_drivers.lib : buzzer.obj (.text:reset_buzzer)
                  0000ebb6    0000000a     rfsimpliciti.obj (.text:reset_rf)
                  0000ebc0    0000000a     temperature.obj (.text:reset_temp_measurement)
                  0000ebca    0000000a     ez430_chronos_drivers.lib : display.obj (.text:switch_seg)
                  0000ebd4    0000000a     menu.obj (.text:update_date)
                  0000ebde    0000000a     menu.obj (.text:update_time)
                  0000ebe8    00000008     timer.obj (.text:Timer0_A3_Stop)
                  0000ebf0    00000008     timer.obj (.text:Timer0_Start)
                  0000ebf8    00000008     bmp_as.obj (.text:bmp_as_read_register)
                  0000ec00    00000008     bmp_ps.obj (.text:bmp_ps_start)
                  0000ec08    00000008     alarm.obj (.text:stop_alarm)
                  0000ec10    00000008     main.obj (.text:to_lpm)
                  0000ec18    00000006     CC430_End_Device_433MHz.lib : mrfi.obj (.text:MRFI_GetRadioState)
                  0000ec1e    00000006     ez430_chronos_drivers.lib : display.obj (.text:clear_blink_mem)
                  0000ec24    00000006     CC430_End_Device_433MHz.lib : nwk.obj (.text:nwk_freeConnection)
                  0000ec2a    00000006                                 : nwk_globals.obj (.text:nwk_getBCastAddress)
                  0000ec30    00000006                                 : nwk_globals.obj (.text:nwk_getFWVersion)
                  0000ec36    00000006                                 : nwk_frame.obj (.text:nwk_getMyRxType)
                  0000ec3c    00000006     ez430_chronos_drivers.lib : display.obj (.text:start_blink)
                  0000ec42    00000006                               : display.obj (.text:stop_blink)
                  0000ec48    00000004     CC430_End_Device_433MHz.lib : nwk_api.obj (.text:SMPL_Link)
                  0000ec4c    00000004     rts430x.lib : pre_init.obj (.text:_system_pre_init)
                  0000ec50    00000004                 : exit.obj (.text:abort)
                  0000ec54    00000004     bmp_as.obj (.text:bmp_as_write_register)
                  0000ec58    00000004     CC430_End_Device_433MHz.lib : nwk.obj (.text:nwk_NVObj)
                  0000ec5c    00000004                                 : nwk_globals.obj (.text:nwk_getProtocolVersion)
                  0000ec60    00000004                                 : nwk_freq.obj (.text:nwk_processFreq)
                  0000ec64    00000004                                 : nwk_security.obj (.text:nwk_processSecurity)
                  0000ec68    00000004     ps.obj (.text:ps_i2c_delay)
                  0000ec6c    00000002     rts430x.lib : _lock.obj (.text:_nop)
                  0000ec6e    00000002     user.obj (.text:dummy)
                  0000ec70    00000002     homegate.obj (.text:mx_hgate)
                  0000ec72    00000002     CC430_End_Device_433MHz.lib : nwk_freq.obj (.text:nwk_freqInit)
                  0000ec74    00000002                                 : nwk_security.obj (.text:nwk_securityInit)
                  0000ec76    00000002     altitude.obj (.text:sx_altitude)

.const     0    0000ec78    00000555     
                  0000ec78    0000021f     ez430_chronos_drivers.lib : display.obj (.const:int_to_array_conversion_table)
                  0000ee97    00000001     --HOLE-- [fill = 0]
                  0000ee98    0000010e     menu.obj (.const)
                  0000efa6    000000a2     <whole-program> (.const:.string)
                  0000f048    00000040     CC430_End_Device_433MHz.lib : mrfi.obj (.const:mrfiRadioCfg)
                  0000f088    0000002b     ez430_chronos_drivers.lib : display.obj (.const:.string:lcd_font)
                  0000f0b3    00000001     --HOLE-- [fill = 0]
                  0000f0b4    0000002a                               : display.obj (.const:.string:segments_bitmask)
                  0000f0de    00000022     ps.obj (.const:h0)
                  0000f100    00000022     ps.obj (.const:p0)
                  0000f122    00000018     date.obj (.const:$P$T0$1$15)
                  0000f13a    00000018     date.obj (.const:$P$T1$2$15)
                  0000f152    00000018     date.obj (.const:$P$T2$3$15)
                  0000f16a    00000018     CC430_End_Device_433MHz.lib : nwk_frame.obj (.const:func)
                  0000f182    00000010     homeplug.obj (.const:.string:$P$T0$1$13)
                  0000f192    0000000e     acceleration.obj (.const:bmp_mgrav_per_bit)
                  0000f1a0    0000000e     acceleration.obj (.const:cma_mgrav_per_bit)
                  0000f1ae    00000009     CC430_End_Device_433MHz.lib : nwk_globals.obj (.const)
                  0000f1b7    00000001     --HOLE-- [fill = 0]
                  0000f1b8    00000008     clock.obj (.const:selection_Timeformat)
                  0000f1c0    00000004     CC430_End_Device_433MHz.lib : mrfi.obj (.const:mrfiBroadcastAddr)
                  0000f1c4    00000004                                 : mrfi.obj (.const:mrfiLogicalChanTable)
                  0000f1c8    00000003                                 : mrfi.obj (.const:mrfiRFPowerTable)
                  0000f1cb    00000002     homegate.obj (.const)

.cinit     0    0000f1ce    000001e0     
                  0000f1ce    0000011b     <whole-program> (.cinit)
                  0000f2e9    00000001     --HOLE-- [fill = 0]
                  0000f2ea    0000004d     CC430_End_Device_433MHz.lib : mrfi.obj (.cinit)
                  0000f337    00000001     --HOLE-- [fill = 0]
                  0000f338    00000020                                 : nwk_frame.obj (.cinit)
                  0000f358    00000019                                 : nwk_link.obj (.cinit)
                  0000f371    00000001     --HOLE-- [fill = 0]
                  0000f372    00000015                                 : nwk_join.obj (.cinit)
                  0000f387    00000001     --HOLE-- [fill = 0]
                  0000f388    0000000b                                 : nwk_mgmt.obj (.cinit)
                  0000f393    00000001     --HOLE-- [fill = 0]
                  0000f394    00000005                                 : nwk.obj (.cinit)
                  0000f399    00000001     --HOLE-- [fill = 0]
                  0000f39a    00000005                                 : nwk_api.obj (.cinit)
                  0000f39f    00000001     --HOLE-- [fill = 0]
                  0000f3a0    00000005                                 : nwk_globals.obj (.cinit)
                  0000f3a5    00000001     --HOLE-- [fill = 0]
                  0000f3a6    00000005                                 : nwk_ping.obj (.cinit)
                  0000f3ab    00000001     --HOLE-- [fill = 0]
                  0000f3ac    00000002     (.pad.cinit) [fill = 0]

.int48     0    0000ffe0    00000002     
                  0000ffe0    00000002     <whole-program> (.int48)

.int53     0    0000ffea    00000002     
                  0000ffea    00000002     radio.obj (.int53)

.int54     0    0000ffec    00000002     
                  0000ffec    00000002     <whole-program> (.int54)

.int55     0    0000ffee    00000002     
                  0000ffee    00000002     <whole-program> (.int55)

.int56     0    0000fff0    00000002     
                  0000fff0    00000002     <whole-program> (.int56)

.reset     0    0000fffe    00000002     
                  0000fffe    00000002     rts430x.lib : boot.obj (.reset)


GLOBAL SYMBOLS: SORTED ALPHABETICALLY BY Name 

address    name
--------   ----
00001c00   .bss
00008000   .text
00000700   ADC12CTL0
00000701   ADC12CTL0_H
00000700   ADC12CTL0_L
00000702   ADC12CTL1
00000703   ADC12CTL1_H
00000702   ADC12CTL1_L
00000704   ADC12CTL2
00000705   ADC12CTL2_H
00000704   ADC12CTL2_L
0000070c   ADC12IE
0000070d   ADC12IE_H
0000070c   ADC12IE_L
0000070a   ADC12IFG
0000070b   ADC12IFG_H
0000070a   ADC12IFG_L
0000e696   ADC12ISR
0000070e   ADC12IV
0000070f   ADC12IV_H
0000070e   ADC12IV_L
00000710   ADC12MCTL0
00000711   ADC12MCTL1
0000071a   ADC12MCTL10
0000071b   ADC12MCTL11
0000071c   ADC12MCTL12
0000071d   ADC12MCTL13
0000071e   ADC12MCTL14
0000071f   ADC12MCTL15
00000712   ADC12MCTL2
00000713   ADC12MCTL3
00000714   ADC12MCTL4
00000715   ADC12MCTL5
00000716   ADC12MCTL6
00000717   ADC12MCTL7
00000718   ADC12MCTL8
00000719   ADC12MCTL9
00000720   ADC12MEM0
00000721   ADC12MEM0_H
00000720   ADC12MEM0_L
00000722   ADC12MEM1
00000734   ADC12MEM10
00000735   ADC12MEM10_H
00000734   ADC12MEM10_L
00000736   ADC12MEM11
00000737   ADC12MEM11_H
00000736   ADC12MEM11_L
00000738   ADC12MEM12
00000739   ADC12MEM12_H
00000738   ADC12MEM12_L
0000073a   ADC12MEM13
0000073b   ADC12MEM13_H
0000073a   ADC12MEM13_L
0000073c   ADC12MEM14
0000073d   ADC12MEM14_H
0000073c   ADC12MEM14_L
0000073e   ADC12MEM15
0000073f   ADC12MEM15_H
0000073e   ADC12MEM15_L
00000723   ADC12MEM1_H
00000722   ADC12MEM1_L
00000724   ADC12MEM2
00000725   ADC12MEM2_H
00000724   ADC12MEM2_L
00000726   ADC12MEM3
00000727   ADC12MEM3_H
00000726   ADC12MEM3_L
00000728   ADC12MEM4
00000729   ADC12MEM4_H
00000728   ADC12MEM4_L
0000072a   ADC12MEM5
0000072b   ADC12MEM5_H
0000072a   ADC12MEM5_L
0000072c   ADC12MEM6
0000072d   ADC12MEM6_H
0000072c   ADC12MEM6_L
0000072e   ADC12MEM7
0000072f   ADC12MEM7_H
0000072e   ADC12MEM7_L
00000730   ADC12MEM8
00000731   ADC12MEM8_H
00000730   ADC12MEM8_L
00000732   ADC12MEM9
00000733   ADC12MEM9_H
00000732   ADC12MEM9_L
000009c0   AESACTL0
000009c1   AESACTL0_H
000009c0   AESACTL0_L
000009c8   AESADIN
000009c9   AESADIN_H
000009c8   AESADIN_L
000009ca   AESADOUT
000009cb   AESADOUT_H
000009ca   AESADOUT_L
000009c6   AESAKEY
000009c7   AESAKEY_H
000009c6   AESAKEY_L
000009c4   AESASTAT
000009c5   AESASTAT_H
000009c4   AESASTAT_L
0000daaa   BSP_Delay
0000e9d2   BSP_InitBoard
0000ec50   C$$EXIT
000008c0   CBCTL0
000008c1   CBCTL0_H
000008c0   CBCTL0_L
000008c2   CBCTL1
000008c3   CBCTL1_H
000008c2   CBCTL1_L
000008c4   CBCTL2
000008c5   CBCTL2_H
000008c4   CBCTL2_L
000008c6   CBCTL3
000008c7   CBCTL3_H
000008c6   CBCTL3_L
000008cc   CBINT
000008cd   CBINT_H
000008cc   CBINT_L
000008ce   CBIV
00000150   CRCDI
00000152   CRCDIRB
00000153   CRCDIRB_H
00000152   CRCDIRB_L
00000151   CRCDI_H
00000150   CRCDI_L
00000154   CRCINIRES
00000155   CRCINIRES_H
00000154   CRCINIRES_L
00000156   CRCRESR
00000157   CRCRESR_H
00000156   CRCRESR_L
00000510   DMA0CTL
00000511   DMA0CTL_H
00000510   DMA0CTL_L
00000516   DMA0DA
00000516   DMA0DAL
00000512   DMA0SA
00000512   DMA0SAL
0000051a   DMA0SZ
00000520   DMA1CTL
00000521   DMA1CTL_H
00000520   DMA1CTL_L
00000526   DMA1DA
00000526   DMA1DAL
00000522   DMA1SA
00000522   DMA1SAL
0000052a   DMA1SZ
00000530   DMA2CTL
00000531   DMA2CTL_H
00000530   DMA2CTL_L
00000536   DMA2DA
00000536   DMA2DAL
00000532   DMA2SA
00000532   DMA2SAL
0000053a   DMA2SZ
00000500   DMACTL0
00000501   DMACTL0_H
00000500   DMACTL0_L
00000502   DMACTL1
00000503   DMACTL1_H
00000502   DMACTL1_L
00000504   DMACTL2
00000505   DMACTL2_H
00000504   DMACTL2_L
00000506   DMACTL3
00000507   DMACTL3_H
00000506   DMACTL3_L
00000508   DMACTL4
00000509   DMACTL4_H
00000508   DMACTL4_L
0000050e   DMAIV
0000050f   DMAIV_H
0000050e   DMAIV_L
00001e82   DST_AutoFlag
00001e81   DST_CorrectionFlag
00001e83   DailyCorr
00001c94   DayStr
00000140   FCTL1
00000141   FCTL1_H
00000140   FCTL1_L
00000144   FCTL3
00000145   FCTL3_H
00000144   FCTL3_L
00000146   FCTL4
00000147   FCTL4_H
00000146   FCTL4_L
00000a04   LCDBBLKCTL
00000a05   LCDBBLKCTL_H
00000a04   LCDBBLKCTL_L
00000a12   LCDBCPCTL
00000a13   LCDBCPCTL_H
00000a12   LCDBCPCTL_L
00000a00   LCDBCTL0
00000a01   LCDBCTL0_H
00000a00   LCDBCTL0_L
00000a02   LCDBCTL1
00000a03   LCDBCTL1_H
00000a02   LCDBCTL1_L
00000a1e   LCDBIV
00000a40   LCDBM1
00000a49   LCDBM10
00000a4a   LCDBM11
00000a4b   LCDBM12
00000a4c   LCDBM13
00000a4d   LCDBM14
00000a4e   LCDBM15
00000a4f   LCDBM16
00000a50   LCDBM17
00000a51   LCDBM18
00000a52   LCDBM19
00000a41   LCDBM2
00000a53   LCDBM20
00000a54   LCDBM21
00000a55   LCDBM22
00000a56   LCDBM23
00000a57   LCDBM24
00000a42   LCDBM3
00000a43   LCDBM4
00000a44   LCDBM5
00000a45   LCDBM6
00000a46   LCDBM7
00000a47   LCDBM8
00000a48   LCDBM9
00000a06   LCDBMEMCTL
00000a07   LCDBMEMCTL_H
00000a06   LCDBMEMCTL_L
00000a0a   LCDBPCTL0
00000a0b   LCDBPCTL0_H
00000a0a   LCDBPCTL0_L
00000a0c   LCDBPCTL1
00000a0d   LCDBPCTL1_H
00000a0c   LCDBPCTL1_L
00000a0e   LCDBPCTL2
00000a0f   LCDBPCTL2_H
00000a0e   LCDBPCTL2_L
00000a10   LCDBPCTL3
00000a11   LCDBPCTL3_H
00000a10   LCDBPCTL3_L
00000a08   LCDBVCTL
00000a09   LCDBVCTL_H
00000a08   LCDBVCTL_L
00000a20   LCDM1
00000a29   LCDM10
00000a2a   LCDM11
00000a2b   LCDM12
00000a2c   LCDM13
00000a2d   LCDM14
00000a2e   LCDM15
00000a2f   LCDM16
00000a30   LCDM17
00000a31   LCDM18
00000a32   LCDM19
00000a21   LCDM2
00000a33   LCDM20
00000a34   LCDM21
00000a35   LCDM22
00000a36   LCDM23
00000a37   LCDM24
00000a22   LCDM3
00000a23   LCDM4
00000a24   LCDM5
00000a25   LCDM6
00000a26   LCDM7
00000a27   LCDM8
00000a28   LCDM9
0000d734   L_ASR_1
0000d710   L_ASR_10
0000d70c   L_ASR_11
0000d708   L_ASR_12
0000d704   L_ASR_13
0000d700   L_ASR_14
0000d6fc   L_ASR_15
0000d730   L_ASR_2
0000d72c   L_ASR_3
0000d728   L_ASR_4
0000d724   L_ASR_5
0000d720   L_ASR_6
0000d71c   L_ASR_7
0000d718   L_ASR_8
0000d714   L_ASR_9
0000e9f2   L_LSL
0000d772   L_LSL_1
0000d74e   L_LSL_10
0000d74a   L_LSL_11
0000d746   L_LSL_12
0000d742   L_LSL_13
0000d73e   L_LSL_14
0000d73a   L_LSL_15
0000d76e   L_LSL_2
0000d76a   L_LSL_3
0000d766   L_LSL_4
0000d762   L_LSL_5
0000d75e   L_LSL_6
0000d75a   L_LSL_7
0000d756   L_LSL_8
0000d752   L_LSL_9
0000ea02   L_LSR
0000d7b0   L_LSR_1
0000d78c   L_LSR_10
0000d788   L_LSR_11
0000d784   L_LSR_12
0000d780   L_LSR_13
0000d77c   L_LSR_14
0000d778   L_LSR_15
0000d7ac   L_LSR_2
0000d7a8   L_LSR_3
0000d7a4   L_LSR_4
0000d7a0   L_LSR_5
0000d79c   L_LSR_6
0000d798   L_LSR_7
0000d794   L_LSR_8
0000d790   L_LSR_9
000004c4   MAC
000004da   MAC32H
000004db   MAC32H_H
000004da   MAC32H_L
000004d8   MAC32L
000004d9   MAC32L_H
000004d8   MAC32L_L
000004c6   MACS
000004de   MACS32H
000004df   MACS32H_H
000004de   MACS32H_L
000004dc   MACS32L
000004dd   MACS32L_H
000004dc   MACS32L_L
000004c7   MACS_H
000004c6   MACS_L
000004c5   MAC_H
000004c4   MAC_L
000004c0   MPY
000004ec   MPY32CTL0
000004ed   MPY32CTL0_H
000004ec   MPY32CTL0_L
000004d2   MPY32H
000004d3   MPY32H_H
000004d2   MPY32H_L
000004d0   MPY32L
000004d1   MPY32L_H
000004d0   MPY32L_L
000004c2   MPYS
000004d6   MPYS32H
000004d7   MPYS32H_H
000004d6   MPYS32H_L
000004d4   MPYS32L
000004d5   MPYS32L_H
000004d4   MPYS32L_L
000004c3   MPYS_H
000004c2   MPYS_L
000004c1   MPY_H
000004c0   MPY_L
0000e6ca   MRFI_DelayMs
0000e522   MRFI_EnableRxAddrFilter
0000ec18   MRFI_GetRadioState
0000947c   MRFI_Init
0000ea94   MRFI_PostKillSem
0000cb4a   MRFI_RadioIsr
0000e75a   MRFI_RandomByte
0000eaa0   MRFI_Receive
0000d7f4   MRFI_ReplyDelay
0000e402   MRFI_Rssi
0000e422   MRFI_RxCompleteISR
0000e442   MRFI_RxIdle
0000e462   MRFI_RxOn
0000db7a   MRFI_SetLogicalChannel
0000e67c   MRFI_SetRFPwr
0000deda   MRFI_SetRxAddrFilter
0000e240   MRFI_Sleep
0000b6ee   MRFI_Transmit
0000e2d0   MRFI_WakeUp
00001cb0   MonthStr
000004c8   OP2
000004e2   OP2H
000004e3   OP2H_H
000004e2   OP2H_L
000004e0   OP2L
000004e1   OP2L_H
000004e0   OP2L_L
000004c9   OP2_H
000004c8   OP2_L
0000020e   P1IV
000001c8   P1MAP01
000001c9   P1MAP01_H
000001c8   P1MAP01_L
000001ca   P1MAP23
000001cb   P1MAP23_H
000001ca   P1MAP23_L
000001cc   P1MAP45
000001cd   P1MAP45_H
000001cc   P1MAP45_L
000001ce   P1MAP67
000001cf   P1MAP67_H
000001ce   P1MAP67_L
0000021e   P2IV
000001d0   P2MAP01
000001d1   P2MAP01_H
000001d0   P2MAP01_L
000001d2   P2MAP23
000001d3   P2MAP23_H
000001d2   P2MAP23_L
000001d4   P2MAP45
000001d5   P2MAP45_H
000001d4   P2MAP45_L
000001d6   P2MAP67
000001d7   P2MAP67_H
000001d6   P2MAP67_L
000001d8   P3MAP01
000001d9   P3MAP01_H
000001d8   P3MAP01_L
000001da   P3MAP23
000001db   P3MAP23_H
000001da   P3MAP23_L
000001dc   P3MAP45
000001dd   P3MAP45_H
000001dc   P3MAP45_L
000001de   P3MAP67
000001df   P3MAP67_H
000001de   P3MAP67_L
00000204   PADIR
00000205   PADIR_H
00000204   PADIR_L
00000208   PADS
00000209   PADS_H
00000208   PADS_L
0000021a   PAIE
00000218   PAIES
00000219   PAIES_H
00000218   PAIES_L
0000021b   PAIE_H
0000021a   PAIE_L
0000021c   PAIFG
0000021d   PAIFG_H
0000021c   PAIFG_L
00000200   PAIN
00000201   PAIN_H
00000200   PAIN_L
00000202   PAOUT
00000203   PAOUT_H
00000202   PAOUT_L
00000206   PAREN
00000207   PAREN_H
00000206   PAREN_L
0000020a   PASEL
0000020b   PASEL_H
0000020a   PASEL_L
00000224   PBDIR
00000225   PBDIR_H
00000224   PBDIR_L
00000228   PBDS
00000229   PBDS_H
00000228   PBDS_L
00000220   PBIN
00000221   PBIN_H
00000220   PBIN_L
00000222   PBOUT
00000223   PBOUT_H
00000222   PBOUT_L
00000226   PBREN
00000227   PBREN_H
00000226   PBREN_L
0000022a   PBSEL
0000022b   PBSEL_H
0000022a   PBSEL_L
00000244   PCDIR
00000245   PCDIR_H
00000244   PCDIR_L
00000248   PCDS
00000249   PCDS_H
00000248   PCDS_L
00000240   PCIN
00000241   PCIN_H
00000240   PCIN_L
00000242   PCOUT
00000243   PCOUT_H
00000242   PCOUT_L
00000246   PCREN
00000247   PCREN_H
00000246   PCREN_L
0000024a   PCSEL
0000024b   PCSEL_H
0000024a   PCSEL_L
00000324   PJDIR
00000325   PJDIR_H
00000324   PJDIR_L
00000328   PJDS
00000329   PJDS_H
00000328   PJDS_L
00000320   PJIN
00000321   PJIN_H
00000320   PJIN_L
00000322   PJOUT
00000323   PJOUT_H
00000322   PJOUT_L
00000326   PJREN
00000327   PJREN_H
00000326   PJREN_L
000001c2   PMAPCTL
000001c3   PMAPCTL_H
000001c2   PMAPCTL_L
000001c0   PMAPKEYID
000001c1   PMAPKEYID_H
000001c0   PMAPKEYID_L
00000120   PMMCTL0
00000121   PMMCTL0_H
00000120   PMMCTL0_L
00000122   PMMCTL1
00000123   PMMCTL1_H
00000122   PMMCTL1_L
0000012c   PMMIFG
0000012d   PMMIFG_H
0000012c   PMMIFG_L
0000012e   PMMRIE
0000012f   PMMRIE_H
0000012e   PMMRIE_L
00008b34   PORT2_ISR
00000158   RCCTL0
00000159   RCCTL0_H
00000158   RCCTL0_L
000001b0   REFCTL0
000001b1   REFCTL0_H
000001b0   REFCTL0_L
000004e4   RES0
000004e5   RES0_H
000004e4   RES0_L
000004e6   RES1
000004e7   RES1_H
000004e6   RES1_L
000004e8   RES2
000004e9   RES2_H
000004e8   RES2_L
000004ea   RES3
000004eb   RES3_H
000004ea   RES3_L
000004cc   RESHI
000004cd   RESHI_H
000004cc   RESHI_L
000004ca   RESLO
000004cb   RESLO_H
000004ca   RESLO_L
00000f16   RF1ADINW
00000f17   RF1ADINW_H
00000f16   RF1ADINW_L
00000f28   RF1ADOUT0W
00000f29   RF1ADOUT0W_H
00000f28   RF1ADOUT0W_L
00000f2a   RF1ADOUT1W
00000f2b   RF1ADOUT1W_H
00000f2a   RF1ADOUT1W_L
00000f2c   RF1ADOUT2W
00000f2d   RF1ADOUT2W_H
00000f2c   RF1ADOUT2W_L
00000f36   RF1AIE
00000f34   RF1AIES
00000f35   RF1AIES_H
00000f34   RF1AIES_L
00000f37   RF1AIE_H
00000f36   RF1AIE_L
00000f00   RF1AIFCTL0
00000f01   RF1AIFCTL0_H
00000f00   RF1AIFCTL0_L
00000f02   RF1AIFCTL1
00000f03   RF1AIFCTL1_H
00000f02   RF1AIFCTL1_L
00000f04   RF1AIFCTL2
00000f05   RF1AIFCTL2_H
00000f04   RF1AIFCTL2_L
00000f06   RF1AIFERR
00000f0c   RF1AIFERRV
00000f0d   RF1AIFERRV_H
00000f0c   RF1AIFERRV_L
00000f07   RF1AIFERR_H
00000f06   RF1AIFERR_L
00000f32   RF1AIFG
00000f33   RF1AIFG_H
00000f32   RF1AIFG_L
00000f0e   RF1AIFIV
00000f0f   RF1AIFIV_H
00000f0e   RF1AIFIV_L
00000f30   RF1AIN
00000f12   RF1AINSTR1W
00000f13   RF1AINSTR1W_H
00000f12   RF1AINSTR1W_L
00000f14   RF1AINSTR2W
00000f15   RF1AINSTR2W_H
00000f14   RF1AINSTR2W_L
00000f10   RF1AINSTRW
00000f11   RF1AINSTRW_H
00000f10   RF1AINSTRW_L
00000f31   RF1AIN_H
00000f30   RF1AIN_L
00000f38   RF1AIV
00000f39   RF1AIV_H
00000f38   RF1AIV_L
00000f3c   RF1ARXFIFO
00000f3d   RF1ARXFIFO_H
00000f3c   RF1ARXFIFO_L
00000f20   RF1ASTAT0W
00000f21   RF1ASTAT0W_H
00000f20   RF1ASTAT0W_L
00000f22   RF1ASTAT1W
00000f23   RF1ASTAT1W_H
00000f22   RF1ASTAT1W_L
00000f24   RF1ASTAT2W
00000f25   RF1ASTAT2W_H
00000f24   RF1ASTAT2W_L
00000f3e   RF1ATXFIFO
00000f3f   RF1ATXFIFO_H
00000f3e   RF1ATXFIFO_L
000004ba   RTCADOWDAY
000004bb   RTCADOWDAY_H
000004ba   RTCADOWDAY_L
000004b8   RTCAMINHR
000004b9   RTCAMINHR_H
000004b8   RTCAMINHR_L
000004a0   RTCCTL01
000004a1   RTCCTL01_H
000004a0   RTCCTL01_L
000004a2   RTCCTL23
000004a3   RTCCTL23_H
000004a2   RTCCTL23_L
000004b4   RTCDATE
000004b5   RTCDATE_H
000004b4   RTCDATE_L
000004ae   RTCIV
000004ac   RTCPS
000004a8   RTCPS0CTL
000004a9   RTCPS0CTL_H
000004a8   RTCPS0CTL_L
000004aa   RTCPS1CTL
000004ab   RTCPS1CTL_H
000004aa   RTCPS1CTL_L
000004ad   RTCPS_H
000004ac   RTCPS_L
000004b0   RTCTIM0
000004b1   RTCTIM0_H
000004b0   RTCTIM0_L
000004b2   RTCTIM1
000004b3   RTCTIM1_H
000004b2   RTCTIM1_L
000004b6   RTCYEAR
000004b7   RTCYEAR_H
000004b6   RTCYEAR_L
0000e786   ReadSingleReg
00000100   SFRIE1
00000101   SFRIE1_H
00000100   SFRIE1_L
00000102   SFRIFG1
00000103   SFRIFG1_H
00000102   SFRIFG1_L
00000104   SFRRPCR
00000105   SFRRPCR_H
00000104   SFRRPCR_L
0000dade   SMPL_Init
0000a2ac   SMPL_Ioctl
0000ec48   SMPL_Link
0000d52e   SMPL_Receive
0000a9ea   SMPL_SendOpt
000004ce   SUMEXT
000004cf   SUMEXT_H
000004ce   SUMEXT_L
00000124   SVSMHCTL
00000125   SVSMHCTL_H
00000124   SVSMHCTL_L
00000128   SVSMIO
00000129   SVSMIO_H
00000128   SVSMIO_L
00000126   SVSMLCTL
00000127   SVSMLCTL_H
00000126   SVSMLCTL_L
00000198   SYSBERRIV
00000199   SYSBERRIV_H
00000198   SYSBERRIV_L
00000182   SYSBSLC
00000183   SYSBSLC_H
00000182   SYSBSLC_L
00000180   SYSCTL
00000181   SYSCTL_H
00000180   SYSCTL_L
00000186   SYSJMBC
00000187   SYSJMBC_H
00000186   SYSJMBC_L
00000188   SYSJMBI0
00000189   SYSJMBI0_H
00000188   SYSJMBI0_L
0000018a   SYSJMBI1
0000018b   SYSJMBI1_H
0000018a   SYSJMBI1_L
0000018c   SYSJMBO0
0000018d   SYSJMBO0_H
0000018c   SYSJMBO0_L
0000018e   SYSJMBO1
0000018f   SYSJMBO1_H
0000018e   SYSJMBO1_L
0000019e   SYSRSTIV
0000019f   SYSRSTIV_H
0000019e   SYSRSTIV_L
0000019c   SYSSNIV
0000019d   SYSSNIV_H
0000019c   SYSSNIV_L
0000019a   SYSUNIV
0000019b   SYSUNIV_H
0000019a   SYSUNIV_L
0000e09e   SetVCore
0000e0c4   SetVCoreDown
0000d3d0   SetVCoreUp
0000be8e   Strobe
00000352   TA0CCR0
00000354   TA0CCR1
00000356   TA0CCR2
00000358   TA0CCR3
0000035a   TA0CCR4
00000342   TA0CCTL0
00000344   TA0CCTL1
00000346   TA0CCTL2
00000348   TA0CCTL3
0000034a   TA0CCTL4
00000340   TA0CTL
00000360   TA0EX0
0000036e   TA0IV
00000350   TA0R
00000392   TA1CCR0
00000394   TA1CCR1
00000396   TA1CCR2
00000382   TA1CCTL0
00000384   TA1CCTL1
00000386   TA1CCTL2
00000380   TA1CTL
000003a0   TA1EX0
000003ae   TA1IV
00000390   TA1R
00008294   TIMER0_A0_ISR
0000c5c4   TIMER0_A1_5_ISR
00001e80   TimeCorrectionFlag
0000df2e   Timer0_A3_Start
0000ebe8   Timer0_A3_Stop
0000cd2c   Timer0_A4_Delay
0000e80a   Timer0_Init
0000ebf0   Timer0_Start
0000eaac   Timer0_Stop
00001ce0   TwoLetterDayStr
000005d0   UCA0ABCTL
000005c6   UCA0BRW
000005c7   UCA0BRW_H
000005c6   UCA0BRW_L
000005c0   UCA0CTLW0
000005c1   UCA0CTLW0_H
000005c0   UCA0CTLW0_L
000005dc   UCA0ICTL
000005dd   UCA0ICTL_H
000005dc   UCA0ICTL_L
000005d2   UCA0IRCTL
000005d3   UCA0IRCTL_H
000005d2   UCA0IRCTL_L
000005de   UCA0IV
000005c8   UCA0MCTL
000005cc   UCA0RXBUF
000005ca   UCA0STAT
000005ce   UCA0TXBUF
000005e6   UCB0BRW
000005e7   UCB0BRW_H
000005e6   UCB0BRW_L
000005e0   UCB0CTLW0
000005e1   UCB0CTLW0_H
000005e0   UCB0CTLW0_L
000005f0   UCB0I2COA
000005f1   UCB0I2COA_H
000005f0   UCB0I2COA_L
000005f2   UCB0I2CSA
000005f3   UCB0I2CSA_H
000005f2   UCB0I2CSA_L
000005fc   UCB0ICTL
000005fd   UCB0ICTL_H
000005fc   UCB0ICTL_L
000005fe   UCB0IV
000005ec   UCB0RXBUF
000005ea   UCB0STAT
000005ee   UCB0TXBUF
00000160   UCSCTL0
00000161   UCSCTL0_H
00000160   UCSCTL0_L
00000162   UCSCTL1
00000163   UCSCTL1_H
00000162   UCSCTL1_L
00000164   UCSCTL2
00000165   UCSCTL2_H
00000164   UCSCTL2_L
00000166   UCSCTL3
00000167   UCSCTL3_H
00000166   UCSCTL3_L
00000168   UCSCTL4
00000169   UCSCTL4_H
00000168   UCSCTL4_L
0000016a   UCSCTL5
0000016b   UCSCTL5_H
0000016a   UCSCTL5_L
0000016c   UCSCTL6
0000016d   UCSCTL6_H
0000016c   UCSCTL6_L
0000016e   UCSCTL7
0000016f   UCSCTL7_H
0000016e   UCSCTL7_L
00000170   UCSCTL8
00000171   UCSCTL8_H
00000170   UCSCTL8_L
0000015c   WDTCTL
0000015d   WDTCTL_H
0000015c   WDTCTL_L
00001e84   WeeklyCorr
0000d95a   WriteSingleReg
00002bfc   __STACK_END
00000050   __STACK_SIZE
00000001   __TI_args_main
00000001   __TI_auto_init
00001f12   __TI_cleanup_ptr
00001f16   __TI_dtors_ptr
00000001   __TI_exit
0000ffe0   __TI_int48
0000ffea   __TI_int53
0000ffec   __TI_int54
0000ffee   __TI_int55
0000fff0   __TI_int56
ffffffff   __binit__
00001c00   __bss__
ffffffff   __c_args__
0000f1ce   __cinit__
0000deae   __divi
0000d6bc   __divli
0000e7c8   __divu
0000ce94   __divul
00001f3c   __end__
0000ec78   __etext__
00009e1e   __fs_add
0000d2ac   __fs_cmp
0000c290   __fs_div
0000da74   __fs_itof
0000b9e8   __fs_mpy
00009e18   __fs_sub
0000d4a2   __fs_tou
0000d1ca   __fs_toul
0000dca6   __fs_ultof
0000e2ac   __fs_utof
0000e7de   __mpyi_f5hw
0000e37a   __mpyl_f5hw
ffffffff   __pinit__
0000deae   __remi
0000d6bc   __remli
0000e7c8   __remu
0000ce94   __remul
00008000   __text__
0000d340   _auto_init
0000df58   _c_int00
0000df58   _c_int00_noexit
00001f0a   _lock
0000ec6c   _nop
0000fffe   _reset_vector
00002bac   _stack
0000ec4c   _system_pre_init
00001f0e   _unlock
0000ec50   abort
0000ea32   acceleration_value_is_positive
00001f36   adc12_data_ready
00001f34   adc12_result
0000c8e6   adc12_single_conversion
0000ccce   add_day
0000ddfa   as_init
00001ef9   as_ok
0000cc0e   as_read_register
0000d830   as_start
0000dbac   as_stop
0000cc6e   as_write_register
0000c80a   battery_measurement
ffffffff   binit
0000d0e6   bmp_as_get_data
0000ebf8   bmp_as_read_register
0000ca82   bmp_as_start
0000dbac   bmp_as_stop
0000ec54   bmp_as_write_register
00001e58   bmp_cal_param
0000f192   bmp_mgrav_per_bit
00001e6e   bmp_param_b5
0000c202   bmp_ps_get_cal_param
00009614   bmp_ps_get_pa
0000c6b4   bmp_ps_get_temp
0000de28   bmp_ps_init
0000eab8   bmp_ps_read_register
0000ec00   bmp_ps_start
0000ea40   bmp_ps_write_register
00001e8c   bmp_used
00001d88   burst_end
00001d84   burst_mode
00001d8a   burst_packet
00001d9c   burst_packet_index
00001d86   burst_start
00001ed2   button
0000d132   button_repeat_function
0000eb84   button_repeat_off
0000e79c   button_repeat_on
0000e5b8   check_alarm
00001e93   chronos_black
0000f1ce   cinit
0000ec1e   clear_blink_mem
0000eac4   clear_display
0000e5d4   clear_display_all
0000cf44   clear_line
000092ce   clock_tick
0000e9e2   close_radio
0000df82   cma_as_get_data
0000ea4e   cma_as_read_register
0000d262   cma_as_start
0000dbac   cma_as_stop
0000ead0   cma_as_write_register
0000f1a0   cma_mgrav_per_bit
0000cbac   cma_ps_get_pa
0000d17e   cma_ps_get_temp
0000cde4   cma_ps_init
0000eadc   cma_ps_read_register
0000eae8   cma_ps_start
0000eb8e   cma_ps_stop
0000eaf4   cma_ps_write_register
00008000   conv_pa_to_meter
0000e6e2   convert_C_to_F
0000e8fa   convert_F_to_C
0000c9b6   convert_acceleration_value_to_mgrav
0000e5f0   convert_ft_to_m
0000e6fa   convert_hour_to_12H_format
0000e60c   convert_m_to_ft
0000e81e   countdown_buzzer
00001f3a   counter_value
00001cf8   display
00009ba8   display_acceleration
0000b878   display_alarm
0000e832   display_all_off
0000e712   display_all_on
0000b12e   display_altitude
0000e628   display_am_pm_symbol
0000cd88   display_battery_V
0000c726   display_char
0000b488   display_chars
0000e2f2   display_counter
0000e846   display_ctrl
00008d2e   display_date
0000e85a   display_hgate
0000e86e   display_homeplug
0000d416   display_hours
0000e882   display_rf
0000e0ea   display_rfbsl
0000e7b2   display_selection_Timeformat1
0000a3ca   display_stopwatch
0000e55e   display_symbol
0000e896   display_sync
0000b206   display_temperature
00009900   display_time
00009f48   display_update
0000e314   display_value
0000e72a   do_acceleration_measurement
0000b930   do_altitude_measurement
0000ec6e   dummy
00001f3c   end
0000ec78   etext
00001f1a   fptr_Timer0_A3_function
00001e8e   fptr_lcd_function_line1
00001e94   fptr_lcd_function_line2
0000c4c2   get_numberOfDays
0000f0de   h0
0000f1cb   homegate_burst_num
0000f1cc   homegate_safemode
0000a18c   homegate_setup_radio
0000bfba   homegate_transmit
00001f37   homeplug_address
00001f38   homeplug_burst_num
00001f39   homeplug_safemode
0000a06a   homeplug_setup_radio
0000ec10   idle_loop
0000ad9a   init_application
0000e136   init_buttons
0000c878   init_global_variables
0000e15c   init_pressure_table
0000b556   int_to_array
0000ec78   int_to_array_conversion_table
00001d4e   int_to_array_str
0000e90c   is_acceleration_measurement
0000e91e   is_altitude_measurement
0000eb0c   is_bluerobin
0000ea5c   is_hour_am
0000eb18   is_rf
0000e8be   is_stopwatch
0000eb24   is_temp_measurement
0000f088   lcd_font
0000dfac   lcd_init
0000da06   main
0000e336   memcmp
0000e930   memcpy
0000e4a2   memmove
0000e8d2   memset
0000eef2   menu_L1_Acceleration
0000eee0   menu_L1_Alarm
0000eece   menu_L1_Altitude
0000eebc   menu_L1_Temperature
0000eeaa   menu_L1_Time
0000ef4c   menu_L2_Battery
0000ef3a   menu_L2_Counter
0000ef70   menu_L2_Ctrl
0000ef04   menu_L2_Date
0000ef28   menu_L2_Homegate
0000ef16   menu_L2_Homeplug
0000ef82   menu_L2_RFAccel
0000ef94   menu_L2_RFBSL
0000ee98   menu_L2_Stopwatch
0000ef5e   menu_L2_Sync
00001e8a   message
00001e20   method
0000f1c0   mrfiBroadcastAddr
0000f048   mrfiRadioCfg
0000c0e2   mrfiRadioInterfaceCmdStrobe
0000d45c   mrfiRadioInterfaceReadReg
0000cae6   mrfiRadioInterfaceReadRxFifo
0000db12   mrfiRadioInterfaceWriteReg
0000db46   mrfiRadioInterfaceWriteTxFifo
0000a8f8   mx_alarm
0000b2de   mx_altitude
0000cf9a   mx_counter
0000892c   mx_date
0000ec70   mx_hgate
0000abc6   mx_homeplug
0000ea6a   mx_stopwatch
0000ae80   mx_temperature
000090fa   mx_time
0000ec58   nwk_NVObj
0000e644   nwk_QInit
0000de82   nwk_QadjustOrder
0000aad8   nwk_QfindOldest
0000c63e   nwk_QfindSlot
0000b3b4   nwk_allocateLocalRxPort
0000e358   nwk_buildAckReqFrame
0000c172   nwk_buildFrame
0000e182   nwk_checkConnInfo
0000e4c2   nwk_connectionControl
0000dbde   nwk_deviceAddress
0000d86c   nwk_findPeer
0000e57c   nwk_frameInit
0000ec24   nwk_freeConnection
0000ec72   nwk_freqInit
0000ec2a   nwk_getBCastAddress
0000dffe   nwk_getConnInfo
0000ec30   nwk_getFWVersion
0000e942   nwk_getJoinToken
0000e954   nwk_getLinkToken
0000e966   nwk_getMyAddress
0000ec36   nwk_getMyRxType
0000d7b6   nwk_getNextConnection
0000eb30   nwk_getNumObjectFromMsg
0000ec5c   nwk_getProtocolVersion
0000e1a8   nwk_globalsInit
0000c3aa   nwk_isConnectionValid
0000d8a8   nwk_isLinkDuplicate
0000d63c   nwk_isValidReply
0000a70a   nwk_join
0000e1ce   nwk_joinInit
00009a56   nwk_link
0000dd3c   nwk_linkInit
0000eb98   nwk_mgmtInit
0000c04e   nwk_nwkInit
0000eba2   nwk_pingInit
0000ec60   nwk_processFreq
0000e660   nwk_processJoin
0000e1f4   nwk_processLink
0000d994   nwk_processMgmt
0000e026   nwk_processPing
0000ec64   nwk_processSecurity
0000da3e   nwk_putNumObjectIntoMsg
0000bd56   nwk_radioControl
0000dd6c   nwk_rawReceive
0000d042   nwk_rawSend
0000bcb4   nwk_retrieveFrame
0000ec74   nwk_securityInit
0000c544   nwk_sendAckReply
0000dd9c   nwk_sendFrame
0000eb3c   nwk_setAPAddress
0000e978   nwk_setJoinToken
0000e98a   nwk_setLinkToken
0000e59a   nwk_setMyAddress
0000e99c   open_radio
00001d9e   p
0000f100   p0
ffffffff   pinit
0000d572   process_requests
0000ec68   ps_i2c_delay
0000d094   ps_i2c_read
0000c436   ps_i2c_sda
0000d5fa   ps_i2c_write
0000e288   ps_init
00001de2   ps_ok
0000c798   ps_read_register
0000ce3c   ps_write_register
00001f2e   ptrMenu_L1
00001f2c   ptrMenu_L2
0000e482   radio_ISR
0000ea12   radio_powerdown
0000dc10   radio_reset
0000b7b4   read_calibration_values
00001e88   request
0000ea78   reset_acceleration
0000e742   reset_alarm
0000d67c   reset_altitude_measurement
0000e9ae   reset_batt_measurement
0000dc42   reset_bluerobin
0000ebac   reset_buzzer
0000dc74   reset_clock
0000e8e6   reset_date
0000ebb6   reset_rf
0000e4e2   reset_stopwatch
0000ebc0   reset_temp_measurement
00001f21   rfBSL_button_confirmation
00001e92   rf_frequoffset
00001ec8   sAccel
00001f28   sAlarm
00001e98   sAlt
00001efa   sBatt
00001e3e   sBlueRobin
00001ed4   sButton
00001f02   sBuzzer
00001c8c   sDate
00001e85   sInit_done
00001d56   sRFsmpl
00001ea6   sStopwatch
00001f22   sTemp
00001e72   sTime
00001f1e   sTimer
0000f0b4   segments_bitmask
00001cfa   segments_lcdmem
0000f1b8   selection_Timeformat
0000ea86   set_blink_rate
0000871a   set_value
00001d5e   simpliciti_data
00001d7e   simpliciti_ed_address
00001d5c   simpliciti_flag
0000bdf2   simpliciti_get_ed_data_callback
0000ba9e   simpliciti_link
0000bb54   simpliciti_main_sync
0000d4e8   simpliciti_main_tx_only
00001d82   simpliciti_payload_length
00001d83   simpliciti_reply_count
0000a4e6   simpliciti_sync_decode_ap_cmd_callback
0000af66   simpliciti_sync_get_data_callback
0000d216   start_altitude_measurement
0000ec3c   start_blink
0000d388   start_buzzer
0000bc0a   start_simpliciti_sync
0000b04a   start_simpliciti_tx_only
0000e39c   start_stopwatch
0000ec08   stop_alarm
0000e3be   stop_altitude_measurement
0000ec42   stop_blink
0000e502   stop_buzzer
0000e6b0   stop_stopwatch
0000acb0   stopwatch_tick
00001cf6   strblank
0000ebca   switch_seg
0000e3e0   sx_acceleration
0000dcd8   sx_alarm
0000ec76   sx_altitude
0000e9c0   sx_counter
0000e04e   sx_ctrl
0000dd0a   sx_date
0000ca1c   sx_hgate
0000b622   sx_homeplug
0000e076   sx_rf
0000cfee   sx_rfbsl
0000e7f4   sx_stopwatch
0000e21a   sx_sync
0000ea22   sx_time
00001e86   sys
0000bf24   temperature_measurement
000084f8   test_mode
0000ec10   to_lpm
0000d2f6   toggle_buzzer
00009ce2   tx_homeplug_sequence
0000eb48   update_acceleration
0000eb54   update_alarm
0000eb60   update_battery_voltage
0000ebd4   update_date
00008f24   update_pressure_table
0000eb6c   update_stopwatch
0000d8e4   update_stopwatch_timer
0000eb78   update_temperature
0000ebde   update_time
0000a5f8   wakeup_event
0000ceec   write_lcd_mem


GLOBAL SYMBOLS: SORTED BY Symbol Address 

address    name
--------   ----
00000001   __TI_args_main
00000001   __TI_auto_init
00000001   __TI_exit
00000050   __STACK_SIZE
00000100   SFRIE1
00000100   SFRIE1_L
00000101   SFRIE1_H
00000102   SFRIFG1
00000102   SFRIFG1_L
00000103   SFRIFG1_H
00000104   SFRRPCR
00000104   SFRRPCR_L
00000105   SFRRPCR_H
00000120   PMMCTL0
00000120   PMMCTL0_L
00000121   PMMCTL0_H
00000122   PMMCTL1
00000122   PMMCTL1_L
00000123   PMMCTL1_H
00000124   SVSMHCTL
00000124   SVSMHCTL_L
00000125   SVSMHCTL_H
00000126   SVSMLCTL
00000126   SVSMLCTL_L
00000127   SVSMLCTL_H
00000128   SVSMIO
00000128   SVSMIO_L
00000129   SVSMIO_H
0000012c   PMMIFG
0000012c   PMMIFG_L
0000012d   PMMIFG_H
0000012e   PMMRIE
0000012e   PMMRIE_L
0000012f   PMMRIE_H
00000140   FCTL1
00000140   FCTL1_L
00000141   FCTL1_H
00000144   FCTL3
00000144   FCTL3_L
00000145   FCTL3_H
00000146   FCTL4
00000146   FCTL4_L
00000147   FCTL4_H
00000150   CRCDI
00000150   CRCDI_L
00000151   CRCDI_H
00000152   CRCDIRB
00000152   CRCDIRB_L
00000153   CRCDIRB_H
00000154   CRCINIRES
00000154   CRCINIRES_L
00000155   CRCINIRES_H
00000156   CRCRESR
00000156   CRCRESR_L
00000157   CRCRESR_H
00000158   RCCTL0
00000158   RCCTL0_L
00000159   RCCTL0_H
0000015c   WDTCTL
0000015c   WDTCTL_L
0000015d   WDTCTL_H
00000160   UCSCTL0
00000160   UCSCTL0_L
00000161   UCSCTL0_H
00000162   UCSCTL1
00000162   UCSCTL1_L
00000163   UCSCTL1_H
00000164   UCSCTL2
00000164   UCSCTL2_L
00000165   UCSCTL2_H
00000166   UCSCTL3
00000166   UCSCTL3_L
00000167   UCSCTL3_H
00000168   UCSCTL4
00000168   UCSCTL4_L
00000169   UCSCTL4_H
0000016a   UCSCTL5
0000016a   UCSCTL5_L
0000016b   UCSCTL5_H
0000016c   UCSCTL6
0000016c   UCSCTL6_L
0000016d   UCSCTL6_H
0000016e   UCSCTL7
0000016e   UCSCTL7_L
0000016f   UCSCTL7_H
00000170   UCSCTL8
00000170   UCSCTL8_L
00000171   UCSCTL8_H
00000180   SYSCTL
00000180   SYSCTL_L
00000181   SYSCTL_H
00000182   SYSBSLC
00000182   SYSBSLC_L
00000183   SYSBSLC_H
00000186   SYSJMBC
00000186   SYSJMBC_L
00000187   SYSJMBC_H
00000188   SYSJMBI0
00000188   SYSJMBI0_L
00000189   SYSJMBI0_H
0000018a   SYSJMBI1
0000018a   SYSJMBI1_L
0000018b   SYSJMBI1_H
0000018c   SYSJMBO0
0000018c   SYSJMBO0_L
0000018d   SYSJMBO0_H
0000018e   SYSJMBO1
0000018e   SYSJMBO1_L
0000018f   SYSJMBO1_H
00000198   SYSBERRIV
00000198   SYSBERRIV_L
00000199   SYSBERRIV_H
0000019a   SYSUNIV
0000019a   SYSUNIV_L
0000019b   SYSUNIV_H
0000019c   SYSSNIV
0000019c   SYSSNIV_L
0000019d   SYSSNIV_H
0000019e   SYSRSTIV
0000019e   SYSRSTIV_L
0000019f   SYSRSTIV_H
000001b0   REFCTL0
000001b0   REFCTL0_L
000001b1   REFCTL0_H
000001c0   PMAPKEYID
000001c0   PMAPKEYID_L
000001c1   PMAPKEYID_H
000001c2   PMAPCTL
000001c2   PMAPCTL_L
000001c3   PMAPCTL_H
000001c8   P1MAP01
000001c8   P1MAP01_L
000001c9   P1MAP01_H
000001ca   P1MAP23
000001ca   P1MAP23_L
000001cb   P1MAP23_H
000001cc   P1MAP45
000001cc   P1MAP45_L
000001cd   P1MAP45_H
000001ce   P1MAP67
000001ce   P1MAP67_L
000001cf   P1MAP67_H
000001d0   P2MAP01
000001d0   P2MAP01_L
000001d1   P2MAP01_H
000001d2   P2MAP23
000001d2   P2MAP23_L
000001d3   P2MAP23_H
000001d4   P2MAP45
000001d4   P2MAP45_L
000001d5   P2MAP45_H
000001d6   P2MAP67
000001d6   P2MAP67_L
000001d7   P2MAP67_H
000001d8   P3MAP01
000001d8   P3MAP01_L
000001d9   P3MAP01_H
000001da   P3MAP23
000001da   P3MAP23_L
000001db   P3MAP23_H
000001dc   P3MAP45
000001dc   P3MAP45_L
000001dd   P3MAP45_H
000001de   P3MAP67
000001de   P3MAP67_L
000001df   P3MAP67_H
00000200   PAIN
00000200   PAIN_L
00000201   PAIN_H
00000202   PAOUT
00000202   PAOUT_L
00000203   PAOUT_H
00000204   PADIR
00000204   PADIR_L
00000205   PADIR_H
00000206   PAREN
00000206   PAREN_L
00000207   PAREN_H
00000208   PADS
00000208   PADS_L
00000209   PADS_H
0000020a   PASEL
0000020a   PASEL_L
0000020b   PASEL_H
0000020e   P1IV
00000218   PAIES
00000218   PAIES_L
00000219   PAIES_H
0000021a   PAIE
0000021a   PAIE_L
0000021b   PAIE_H
0000021c   PAIFG
0000021c   PAIFG_L
0000021d   PAIFG_H
0000021e   P2IV
00000220   PBIN
00000220   PBIN_L
00000221   PBIN_H
00000222   PBOUT
00000222   PBOUT_L
00000223   PBOUT_H
00000224   PBDIR
00000224   PBDIR_L
00000225   PBDIR_H
00000226   PBREN
00000226   PBREN_L
00000227   PBREN_H
00000228   PBDS
00000228   PBDS_L
00000229   PBDS_H
0000022a   PBSEL
0000022a   PBSEL_L
0000022b   PBSEL_H
00000240   PCIN
00000240   PCIN_L
00000241   PCIN_H
00000242   PCOUT
00000242   PCOUT_L
00000243   PCOUT_H
00000244   PCDIR
00000244   PCDIR_L
00000245   PCDIR_H
00000246   PCREN
00000246   PCREN_L
00000247   PCREN_H
00000248   PCDS
00000248   PCDS_L
00000249   PCDS_H
0000024a   PCSEL
0000024a   PCSEL_L
0000024b   PCSEL_H
00000320   PJIN
00000320   PJIN_L
00000321   PJIN_H
00000322   PJOUT
00000322   PJOUT_L
00000323   PJOUT_H
00000324   PJDIR
00000324   PJDIR_L
00000325   PJDIR_H
00000326   PJREN
00000326   PJREN_L
00000327   PJREN_H
00000328   PJDS
00000328   PJDS_L
00000329   PJDS_H
00000340   TA0CTL
00000342   TA0CCTL0
00000344   TA0CCTL1
00000346   TA0CCTL2
00000348   TA0CCTL3
0000034a   TA0CCTL4
00000350   TA0R
00000352   TA0CCR0
00000354   TA0CCR1
00000356   TA0CCR2
00000358   TA0CCR3
0000035a   TA0CCR4
00000360   TA0EX0
0000036e   TA0IV
00000380   TA1CTL
00000382   TA1CCTL0
00000384   TA1CCTL1
00000386   TA1CCTL2
00000390   TA1R
00000392   TA1CCR0
00000394   TA1CCR1
00000396   TA1CCR2
000003a0   TA1EX0
000003ae   TA1IV
000004a0   RTCCTL01
000004a0   RTCCTL01_L
000004a1   RTCCTL01_H
000004a2   RTCCTL23
000004a2   RTCCTL23_L
000004a3   RTCCTL23_H
000004a8   RTCPS0CTL
000004a8   RTCPS0CTL_L
000004a9   RTCPS0CTL_H
000004aa   RTCPS1CTL
000004aa   RTCPS1CTL_L
000004ab   RTCPS1CTL_H
000004ac   RTCPS
000004ac   RTCPS_L
000004ad   RTCPS_H
000004ae   RTCIV
000004b0   RTCTIM0
000004b0   RTCTIM0_L
000004b1   RTCTIM0_H
000004b2   RTCTIM1
000004b2   RTCTIM1_L
000004b3   RTCTIM1_H
000004b4   RTCDATE
000004b4   RTCDATE_L
000004b5   RTCDATE_H
000004b6   RTCYEAR
000004b6   RTCYEAR_L
000004b7   RTCYEAR_H
000004b8   RTCAMINHR
000004b8   RTCAMINHR_L
000004b9   RTCAMINHR_H
000004ba   RTCADOWDAY
000004ba   RTCADOWDAY_L
000004bb   RTCADOWDAY_H
000004c0   MPY
000004c0   MPY_L
000004c1   MPY_H
000004c2   MPYS
000004c2   MPYS_L
000004c3   MPYS_H
000004c4   MAC
000004c4   MAC_L
000004c5   MAC_H
000004c6   MACS
000004c6   MACS_L
000004c7   MACS_H
000004c8   OP2
000004c8   OP2_L
000004c9   OP2_H
000004ca   RESLO
000004ca   RESLO_L
000004cb   RESLO_H
000004cc   RESHI
000004cc   RESHI_L
000004cd   RESHI_H
000004ce   SUMEXT
000004ce   SUMEXT_L
000004cf   SUMEXT_H
000004d0   MPY32L
000004d0   MPY32L_L
000004d1   MPY32L_H
000004d2   MPY32H
000004d2   MPY32H_L
000004d3   MPY32H_H
000004d4   MPYS32L
000004d4   MPYS32L_L
000004d5   MPYS32L_H
000004d6   MPYS32H
000004d6   MPYS32H_L
000004d7   MPYS32H_H
000004d8   MAC32L
000004d8   MAC32L_L
000004d9   MAC32L_H
000004da   MAC32H
000004da   MAC32H_L
000004db   MAC32H_H
000004dc   MACS32L
000004dc   MACS32L_L
000004dd   MACS32L_H
000004de   MACS32H
000004de   MACS32H_L
000004df   MACS32H_H
000004e0   OP2L
000004e0   OP2L_L
000004e1   OP2L_H
000004e2   OP2H
000004e2   OP2H_L
000004e3   OP2H_H
000004e4   RES0
000004e4   RES0_L
000004e5   RES0_H
000004e6   RES1
000004e6   RES1_L
000004e7   RES1_H
000004e8   RES2
000004e8   RES2_L
000004e9   RES2_H
000004ea   RES3
000004ea   RES3_L
000004eb   RES3_H
000004ec   MPY32CTL0
000004ec   MPY32CTL0_L
000004ed   MPY32CTL0_H
00000500   DMACTL0
00000500   DMACTL0_L
00000501   DMACTL0_H
00000502   DMACTL1
00000502   DMACTL1_L
00000503   DMACTL1_H
00000504   DMACTL2
00000504   DMACTL2_L
00000505   DMACTL2_H
00000506   DMACTL3
00000506   DMACTL3_L
00000507   DMACTL3_H
00000508   DMACTL4
00000508   DMACTL4_L
00000509   DMACTL4_H
0000050e   DMAIV
0000050e   DMAIV_L
0000050f   DMAIV_H
00000510   DMA0CTL
00000510   DMA0CTL_L
00000511   DMA0CTL_H
00000512   DMA0SA
00000512   DMA0SAL
00000516   DMA0DA
00000516   DMA0DAL
0000051a   DMA0SZ
00000520   DMA1CTL
00000520   DMA1CTL_L
00000521   DMA1CTL_H
00000522   DMA1SA
00000522   DMA1SAL
00000526   DMA1DA
00000526   DMA1DAL
0000052a   DMA1SZ
00000530   DMA2CTL
00000530   DMA2CTL_L
00000531   DMA2CTL_H
00000532   DMA2SA
00000532   DMA2SAL
00000536   DMA2DA
00000536   DMA2DAL
0000053a   DMA2SZ
000005c0   UCA0CTLW0
000005c0   UCA0CTLW0_L
000005c1   UCA0CTLW0_H
000005c6   UCA0BRW
000005c6   UCA0BRW_L
000005c7   UCA0BRW_H
000005c8   UCA0MCTL
000005ca   UCA0STAT
000005cc   UCA0RXBUF
000005ce   UCA0TXBUF
000005d0   UCA0ABCTL
000005d2   UCA0IRCTL
000005d2   UCA0IRCTL_L
000005d3   UCA0IRCTL_H
000005dc   UCA0ICTL
000005dc   UCA0ICTL_L
000005dd   UCA0ICTL_H
000005de   UCA0IV
000005e0   UCB0CTLW0
000005e0   UCB0CTLW0_L
000005e1   UCB0CTLW0_H
000005e6   UCB0BRW
000005e6   UCB0BRW_L
000005e7   UCB0BRW_H
000005ea   UCB0STAT
000005ec   UCB0RXBUF
000005ee   UCB0TXBUF
000005f0   UCB0I2COA
000005f0   UCB0I2COA_L
000005f1   UCB0I2COA_H
000005f2   UCB0I2CSA
000005f2   UCB0I2CSA_L
000005f3   UCB0I2CSA_H
000005fc   UCB0ICTL
000005fc   UCB0ICTL_L
000005fd   UCB0ICTL_H
000005fe   UCB0IV
00000700   ADC12CTL0
00000700   ADC12CTL0_L
00000701   ADC12CTL0_H
00000702   ADC12CTL1
00000702   ADC12CTL1_L
00000703   ADC12CTL1_H
00000704   ADC12CTL2
00000704   ADC12CTL2_L
00000705   ADC12CTL2_H
0000070a   ADC12IFG
0000070a   ADC12IFG_L
0000070b   ADC12IFG_H
0000070c   ADC12IE
0000070c   ADC12IE_L
0000070d   ADC12IE_H
0000070e   ADC12IV
0000070e   ADC12IV_L
0000070f   ADC12IV_H
00000710   ADC12MCTL0
00000711   ADC12MCTL1
00000712   ADC12MCTL2
00000713   ADC12MCTL3
00000714   ADC12MCTL4
00000715   ADC12MCTL5
00000716   ADC12MCTL6
00000717   ADC12MCTL7
00000718   ADC12MCTL8
00000719   ADC12MCTL9
0000071a   ADC12MCTL10
0000071b   ADC12MCTL11
0000071c   ADC12MCTL12
0000071d   ADC12MCTL13
0000071e   ADC12MCTL14
0000071f   ADC12MCTL15
00000720   ADC12MEM0
00000720   ADC12MEM0_L
00000721   ADC12MEM0_H
00000722   ADC12MEM1
00000722   ADC12MEM1_L
00000723   ADC12MEM1_H
00000724   ADC12MEM2
00000724   ADC12MEM2_L
00000725   ADC12MEM2_H
00000726   ADC12MEM3
00000726   ADC12MEM3_L
00000727   ADC12MEM3_H
00000728   ADC12MEM4
00000728   ADC12MEM4_L
00000729   ADC12MEM4_H
0000072a   ADC12MEM5
0000072a   ADC12MEM5_L
0000072b   ADC12MEM5_H
0000072c   ADC12MEM6
0000072c   ADC12MEM6_L
0000072d   ADC12MEM6_H
0000072e   ADC12MEM7
0000072e   ADC12MEM7_L
0000072f   ADC12MEM7_H
00000730   ADC12MEM8
00000730   ADC12MEM8_L
00000731   ADC12MEM8_H
00000732   ADC12MEM9
00000732   ADC12MEM9_L
00000733   ADC12MEM9_H
00000734   ADC12MEM10
00000734   ADC12MEM10_L
00000735   ADC12MEM10_H
00000736   ADC12MEM11
00000736   ADC12MEM11_L
00000737   ADC12MEM11_H
00000738   ADC12MEM12
00000738   ADC12MEM12_L
00000739   ADC12MEM12_H
0000073a   ADC12MEM13
0000073a   ADC12MEM13_L
0000073b   ADC12MEM13_H
0000073c   ADC12MEM14
0000073c   ADC12MEM14_L
0000073d   ADC12MEM14_H
0000073e   ADC12MEM15
0000073e   ADC12MEM15_L
0000073f   ADC12MEM15_H
000008c0   CBCTL0
000008c0   CBCTL0_L
000008c1   CBCTL0_H
000008c2   CBCTL1
000008c2   CBCTL1_L
000008c3   CBCTL1_H
000008c4   CBCTL2
000008c4   CBCTL2_L
000008c5   CBCTL2_H
000008c6   CBCTL3
000008c6   CBCTL3_L
000008c7   CBCTL3_H
000008cc   CBINT
000008cc   CBINT_L
000008cd   CBINT_H
000008ce   CBIV
000009c0   AESACTL0
000009c0   AESACTL0_L
000009c1   AESACTL0_H
000009c4   AESASTAT
000009c4   AESASTAT_L
000009c5   AESASTAT_H
000009c6   AESAKEY
000009c6   AESAKEY_L
000009c7   AESAKEY_H
000009c8   AESADIN
000009c8   AESADIN_L
000009c9   AESADIN_H
000009ca   AESADOUT
000009ca   AESADOUT_L
000009cb   AESADOUT_H
00000a00   LCDBCTL0
00000a00   LCDBCTL0_L
00000a01   LCDBCTL0_H
00000a02   LCDBCTL1
00000a02   LCDBCTL1_L
00000a03   LCDBCTL1_H
00000a04   LCDBBLKCTL
00000a04   LCDBBLKCTL_L
00000a05   LCDBBLKCTL_H
00000a06   LCDBMEMCTL
00000a06   LCDBMEMCTL_L
00000a07   LCDBMEMCTL_H
00000a08   LCDBVCTL
00000a08   LCDBVCTL_L
00000a09   LCDBVCTL_H
00000a0a   LCDBPCTL0
00000a0a   LCDBPCTL0_L
00000a0b   LCDBPCTL0_H
00000a0c   LCDBPCTL1
00000a0c   LCDBPCTL1_L
00000a0d   LCDBPCTL1_H
00000a0e   LCDBPCTL2
00000a0e   LCDBPCTL2_L
00000a0f   LCDBPCTL2_H
00000a10   LCDBPCTL3
00000a10   LCDBPCTL3_L
00000a11   LCDBPCTL3_H
00000a12   LCDBCPCTL
00000a12   LCDBCPCTL_L
00000a13   LCDBCPCTL_H
00000a1e   LCDBIV
00000a20   LCDM1
00000a21   LCDM2
00000a22   LCDM3
00000a23   LCDM4
00000a24   LCDM5
00000a25   LCDM6
00000a26   LCDM7
00000a27   LCDM8
00000a28   LCDM9
00000a29   LCDM10
00000a2a   LCDM11
00000a2b   LCDM12
00000a2c   LCDM13
00000a2d   LCDM14
00000a2e   LCDM15
00000a2f   LCDM16
00000a30   LCDM17
00000a31   LCDM18
00000a32   LCDM19
00000a33   LCDM20
00000a34   LCDM21
00000a35   LCDM22
00000a36   LCDM23
00000a37   LCDM24
00000a40   LCDBM1
00000a41   LCDBM2
00000a42   LCDBM3
00000a43   LCDBM4
00000a44   LCDBM5
00000a45   LCDBM6
00000a46   LCDBM7
00000a47   LCDBM8
00000a48   LCDBM9
00000a49   LCDBM10
00000a4a   LCDBM11
00000a4b   LCDBM12
00000a4c   LCDBM13
00000a4d   LCDBM14
00000a4e   LCDBM15
00000a4f   LCDBM16
00000a50   LCDBM17
00000a51   LCDBM18
00000a52   LCDBM19
00000a53   LCDBM20
00000a54   LCDBM21
00000a55   LCDBM22
00000a56   LCDBM23
00000a57   LCDBM24
00000f00   RF1AIFCTL0
00000f00   RF1AIFCTL0_L
00000f01   RF1AIFCTL0_H
00000f02   RF1AIFCTL1
00000f02   RF1AIFCTL1_L
00000f03   RF1AIFCTL1_H
00000f04   RF1AIFCTL2
00000f04   RF1AIFCTL2_L
00000f05   RF1AIFCTL2_H
00000f06   RF1AIFERR
00000f06   RF1AIFERR_L
00000f07   RF1AIFERR_H
00000f0c   RF1AIFERRV
00000f0c   RF1AIFERRV_L
00000f0d   RF1AIFERRV_H
00000f0e   RF1AIFIV
00000f0e   RF1AIFIV_L
00000f0f   RF1AIFIV_H
00000f10   RF1AINSTRW
00000f10   RF1AINSTRW_L
00000f11   RF1AINSTRW_H
00000f12   RF1AINSTR1W
00000f12   RF1AINSTR1W_L
00000f13   RF1AINSTR1W_H
00000f14   RF1AINSTR2W
00000f14   RF1AINSTR2W_L
00000f15   RF1AINSTR2W_H
00000f16   RF1ADINW
00000f16   RF1ADINW_L
00000f17   RF1ADINW_H
00000f20   RF1ASTAT0W
00000f20   RF1ASTAT0W_L
00000f21   RF1ASTAT0W_H
00000f22   RF1ASTAT1W
00000f22   RF1ASTAT1W_L
00000f23   RF1ASTAT1W_H
00000f24   RF1ASTAT2W
00000f24   RF1ASTAT2W_L
00000f25   RF1ASTAT2W_H
00000f28   RF1ADOUT0W
00000f28   RF1ADOUT0W_L
00000f29   RF1ADOUT0W_H
00000f2a   RF1ADOUT1W
00000f2a   RF1ADOUT1W_L
00000f2b   RF1ADOUT1W_H
00000f2c   RF1ADOUT2W
00000f2c   RF1ADOUT2W_L
00000f2d   RF1ADOUT2W_H
00000f30   RF1AIN
00000f30   RF1AIN_L
00000f31   RF1AIN_H
00000f32   RF1AIFG
00000f32   RF1AIFG_L
00000f33   RF1AIFG_H
00000f34   RF1AIES
00000f34   RF1AIES_L
00000f35   RF1AIES_H
00000f36   RF1AIE
00000f36   RF1AIE_L
00000f37   RF1AIE_H
00000f38   RF1AIV
00000f38   RF1AIV_L
00000f39   RF1AIV_H
00000f3c   RF1ARXFIFO
00000f3c   RF1ARXFIFO_L
00000f3d   RF1ARXFIFO_H
00000f3e   RF1ATXFIFO
00000f3e   RF1ATXFIFO_L
00000f3f   RF1ATXFIFO_H
00001c00   .bss
00001c00   __bss__
00001c8c   sDate
00001c94   DayStr
00001cb0   MonthStr
00001ce0   TwoLetterDayStr
00001cf6   strblank
00001cf8   display
00001cfa   segments_lcdmem
00001d4e   int_to_array_str
00001d56   sRFsmpl
00001d5c   simpliciti_flag
00001d5e   simpliciti_data
00001d7e   simpliciti_ed_address
00001d82   simpliciti_payload_length
00001d83   simpliciti_reply_count
00001d84   burst_mode
00001d86   burst_start
00001d88   burst_end
00001d8a   burst_packet
00001d9c   burst_packet_index
00001d9e   p
00001de2   ps_ok
00001e20   method
00001e3e   sBlueRobin
00001e58   bmp_cal_param
00001e6e   bmp_param_b5
00001e72   sTime
00001e80   TimeCorrectionFlag
00001e81   DST_CorrectionFlag
00001e82   DST_AutoFlag
00001e83   DailyCorr
00001e84   WeeklyCorr
00001e85   sInit_done
00001e86   sys
00001e88   request
00001e8a   message
00001e8c   bmp_used
00001e8e   fptr_lcd_function_line1
00001e92   rf_frequoffset
00001e93   chronos_black
00001e94   fptr_lcd_function_line2
00001e98   sAlt
00001ea6   sStopwatch
00001ec8   sAccel
00001ed2   button
00001ed4   sButton
00001ef9   as_ok
00001efa   sBatt
00001f02   sBuzzer
00001f0a   _lock
00001f0e   _unlock
00001f12   __TI_cleanup_ptr
00001f16   __TI_dtors_ptr
00001f1a   fptr_Timer0_A3_function
00001f1e   sTimer
00001f21   rfBSL_button_confirmation
00001f22   sTemp
00001f28   sAlarm
00001f2c   ptrMenu_L2
00001f2e   ptrMenu_L1
00001f34   adc12_result
00001f36   adc12_data_ready
00001f37   homeplug_address
00001f38   homeplug_burst_num
00001f39   homeplug_safemode
00001f3a   counter_value
00001f3c   __end__
00001f3c   end
00002bac   _stack
00002bfc   __STACK_END
00008000   .text
00008000   __text__
00008000   conv_pa_to_meter
00008294   TIMER0_A0_ISR
000084f8   test_mode
0000871a   set_value
0000892c   mx_date
00008b34   PORT2_ISR
00008d2e   display_date
00008f24   update_pressure_table
000090fa   mx_time
000092ce   clock_tick
0000947c   MRFI_Init
00009614   bmp_ps_get_pa
00009900   display_time
00009a56   nwk_link
00009ba8   display_acceleration
00009ce2   tx_homeplug_sequence
00009e18   __fs_sub
00009e1e   __fs_add
00009f48   display_update
0000a06a   homeplug_setup_radio
0000a18c   homegate_setup_radio
0000a2ac   SMPL_Ioctl
0000a3ca   display_stopwatch
0000a4e6   simpliciti_sync_decode_ap_cmd_callback
0000a5f8   wakeup_event
0000a70a   nwk_join
0000a8f8   mx_alarm
0000a9ea   SMPL_SendOpt
0000aad8   nwk_QfindOldest
0000abc6   mx_homeplug
0000acb0   stopwatch_tick
0000ad9a   init_application
0000ae80   mx_temperature
0000af66   simpliciti_sync_get_data_callback
0000b04a   start_simpliciti_tx_only
0000b12e   display_altitude
0000b206   display_temperature
0000b2de   mx_altitude
0000b3b4   nwk_allocateLocalRxPort
0000b488   display_chars
0000b556   int_to_array
0000b622   sx_homeplug
0000b6ee   MRFI_Transmit
0000b7b4   read_calibration_values
0000b878   display_alarm
0000b930   do_altitude_measurement
0000b9e8   __fs_mpy
0000ba9e   simpliciti_link
0000bb54   simpliciti_main_sync
0000bc0a   start_simpliciti_sync
0000bcb4   nwk_retrieveFrame
0000bd56   nwk_radioControl
0000bdf2   simpliciti_get_ed_data_callback
0000be8e   Strobe
0000bf24   temperature_measurement
0000bfba   homegate_transmit
0000c04e   nwk_nwkInit
0000c0e2   mrfiRadioInterfaceCmdStrobe
0000c172   nwk_buildFrame
0000c202   bmp_ps_get_cal_param
0000c290   __fs_div
0000c3aa   nwk_isConnectionValid
0000c436   ps_i2c_sda
0000c4c2   get_numberOfDays
0000c544   nwk_sendAckReply
0000c5c4   TIMER0_A1_5_ISR
0000c63e   nwk_QfindSlot
0000c6b4   bmp_ps_get_temp
0000c726   display_char
0000c798   ps_read_register
0000c80a   battery_measurement
0000c878   init_global_variables
0000c8e6   adc12_single_conversion
0000c9b6   convert_acceleration_value_to_mgrav
0000ca1c   sx_hgate
0000ca82   bmp_as_start
0000cae6   mrfiRadioInterfaceReadRxFifo
0000cb4a   MRFI_RadioIsr
0000cbac   cma_ps_get_pa
0000cc0e   as_read_register
0000cc6e   as_write_register
0000ccce   add_day
0000cd2c   Timer0_A4_Delay
0000cd88   display_battery_V
0000cde4   cma_ps_init
0000ce3c   ps_write_register
0000ce94   __divul
0000ce94   __remul
0000ceec   write_lcd_mem
0000cf44   clear_line
0000cf9a   mx_counter
0000cfee   sx_rfbsl
0000d042   nwk_rawSend
0000d094   ps_i2c_read
0000d0e6   bmp_as_get_data
0000d132   button_repeat_function
0000d17e   cma_ps_get_temp
0000d1ca   __fs_toul
0000d216   start_altitude_measurement
0000d262   cma_as_start
0000d2ac   __fs_cmp
0000d2f6   toggle_buzzer
0000d340   _auto_init
0000d388   start_buzzer
0000d3d0   SetVCoreUp
0000d416   display_hours
0000d45c   mrfiRadioInterfaceReadReg
0000d4a2   __fs_tou
0000d4e8   simpliciti_main_tx_only
0000d52e   SMPL_Receive
0000d572   process_requests
0000d5fa   ps_i2c_write
0000d63c   nwk_isValidReply
0000d67c   reset_altitude_measurement
0000d6bc   __divli
0000d6bc   __remli
0000d6fc   L_ASR_15
0000d700   L_ASR_14
0000d704   L_ASR_13
0000d708   L_ASR_12
0000d70c   L_ASR_11
0000d710   L_ASR_10
0000d714   L_ASR_9
0000d718   L_ASR_8
0000d71c   L_ASR_7
0000d720   L_ASR_6
0000d724   L_ASR_5
0000d728   L_ASR_4
0000d72c   L_ASR_3
0000d730   L_ASR_2
0000d734   L_ASR_1
0000d73a   L_LSL_15
0000d73e   L_LSL_14
0000d742   L_LSL_13
0000d746   L_LSL_12
0000d74a   L_LSL_11
0000d74e   L_LSL_10
0000d752   L_LSL_9
0000d756   L_LSL_8
0000d75a   L_LSL_7
0000d75e   L_LSL_6
0000d762   L_LSL_5
0000d766   L_LSL_4
0000d76a   L_LSL_3
0000d76e   L_LSL_2
0000d772   L_LSL_1
0000d778   L_LSR_15
0000d77c   L_LSR_14
0000d780   L_LSR_13
0000d784   L_LSR_12
0000d788   L_LSR_11
0000d78c   L_LSR_10
0000d790   L_LSR_9
0000d794   L_LSR_8
0000d798   L_LSR_7
0000d79c   L_LSR_6
0000d7a0   L_LSR_5
0000d7a4   L_LSR_4
0000d7a8   L_LSR_3
0000d7ac   L_LSR_2
0000d7b0   L_LSR_1
0000d7b6   nwk_getNextConnection
0000d7f4   MRFI_ReplyDelay
0000d830   as_start
0000d86c   nwk_findPeer
0000d8a8   nwk_isLinkDuplicate
0000d8e4   update_stopwatch_timer
0000d95a   WriteSingleReg
0000d994   nwk_processMgmt
0000da06   main
0000da3e   nwk_putNumObjectIntoMsg
0000da74   __fs_itof
0000daaa   BSP_Delay
0000dade   SMPL_Init
0000db12   mrfiRadioInterfaceWriteReg
0000db46   mrfiRadioInterfaceWriteTxFifo
0000db7a   MRFI_SetLogicalChannel
0000dbac   as_stop
0000dbac   bmp_as_stop
0000dbac   cma_as_stop
0000dbde   nwk_deviceAddress
0000dc10   radio_reset
0000dc42   reset_bluerobin
0000dc74   reset_clock
0000dca6   __fs_ultof
0000dcd8   sx_alarm
0000dd0a   sx_date
0000dd3c   nwk_linkInit
0000dd6c   nwk_rawReceive
0000dd9c   nwk_sendFrame
0000ddfa   as_init
0000de28   bmp_ps_init
0000de82   nwk_QadjustOrder
0000deae   __divi
0000deae   __remi
0000deda   MRFI_SetRxAddrFilter
0000df2e   Timer0_A3_Start
0000df58   _c_int00
0000df58   _c_int00_noexit
0000df82   cma_as_get_data
0000dfac   lcd_init
0000dffe   nwk_getConnInfo
0000e026   nwk_processPing
0000e04e   sx_ctrl
0000e076   sx_rf
0000e09e   SetVCore
0000e0c4   SetVCoreDown
0000e0ea   display_rfbsl
0000e136   init_buttons
0000e15c   init_pressure_table
0000e182   nwk_checkConnInfo
0000e1a8   nwk_globalsInit
0000e1ce   nwk_joinInit
0000e1f4   nwk_processLink
0000e21a   sx_sync
0000e240   MRFI_Sleep
0000e288   ps_init
0000e2ac   __fs_utof
0000e2d0   MRFI_WakeUp
0000e2f2   display_counter
0000e314   display_value
0000e336   memcmp
0000e358   nwk_buildAckReqFrame
0000e37a   __mpyl_f5hw
0000e39c   start_stopwatch
0000e3be   stop_altitude_measurement
0000e3e0   sx_acceleration
0000e402   MRFI_Rssi
0000e422   MRFI_RxCompleteISR
0000e442   MRFI_RxIdle
0000e462   MRFI_RxOn
0000e482   radio_ISR
0000e4a2   memmove
0000e4c2   nwk_connectionControl
0000e4e2   reset_stopwatch
0000e502   stop_buzzer
0000e522   MRFI_EnableRxAddrFilter
0000e55e   display_symbol
0000e57c   nwk_frameInit
0000e59a   nwk_setMyAddress
0000e5b8   check_alarm
0000e5d4   clear_display_all
0000e5f0   convert_ft_to_m
0000e60c   convert_m_to_ft
0000e628   display_am_pm_symbol
0000e644   nwk_QInit
0000e660   nwk_processJoin
0000e67c   MRFI_SetRFPwr
0000e696   ADC12ISR
0000e6b0   stop_stopwatch
0000e6ca   MRFI_DelayMs
0000e6e2   convert_C_to_F
0000e6fa   convert_hour_to_12H_format
0000e712   display_all_on
0000e72a   do_acceleration_measurement
0000e742   reset_alarm
0000e75a   MRFI_RandomByte
0000e786   ReadSingleReg
0000e79c   button_repeat_on
0000e7b2   display_selection_Timeformat1
0000e7c8   __divu
0000e7c8   __remu
0000e7de   __mpyi_f5hw
0000e7f4   sx_stopwatch
0000e80a   Timer0_Init
0000e81e   countdown_buzzer
0000e832   display_all_off
0000e846   display_ctrl
0000e85a   display_hgate
0000e86e   display_homeplug
0000e882   display_rf
0000e896   display_sync
0000e8be   is_stopwatch
0000e8d2   memset
0000e8e6   reset_date
0000e8fa   convert_F_to_C
0000e90c   is_acceleration_measurement
0000e91e   is_altitude_measurement
0000e930   memcpy
0000e942   nwk_getJoinToken
0000e954   nwk_getLinkToken
0000e966   nwk_getMyAddress
0000e978   nwk_setJoinToken
0000e98a   nwk_setLinkToken
0000e99c   open_radio
0000e9ae   reset_batt_measurement
0000e9c0   sx_counter
0000e9d2   BSP_InitBoard
0000e9e2   close_radio
0000e9f2   L_LSL
0000ea02   L_LSR
0000ea12   radio_powerdown
0000ea22   sx_time
0000ea32   acceleration_value_is_positive
0000ea40   bmp_ps_write_register
0000ea4e   cma_as_read_register
0000ea5c   is_hour_am
0000ea6a   mx_stopwatch
0000ea78   reset_acceleration
0000ea86   set_blink_rate
0000ea94   MRFI_PostKillSem
0000eaa0   MRFI_Receive
0000eaac   Timer0_Stop
0000eab8   bmp_ps_read_register
0000eac4   clear_display
0000ead0   cma_as_write_register
0000eadc   cma_ps_read_register
0000eae8   cma_ps_start
0000eaf4   cma_ps_write_register
0000eb0c   is_bluerobin
0000eb18   is_rf
0000eb24   is_temp_measurement
0000eb30   nwk_getNumObjectFromMsg
0000eb3c   nwk_setAPAddress
0000eb48   update_acceleration
0000eb54   update_alarm
0000eb60   update_battery_voltage
0000eb6c   update_stopwatch
0000eb78   update_temperature
0000eb84   button_repeat_off
0000eb8e   cma_ps_stop
0000eb98   nwk_mgmtInit
0000eba2   nwk_pingInit
0000ebac   reset_buzzer
0000ebb6   reset_rf
0000ebc0   reset_temp_measurement
0000ebca   switch_seg
0000ebd4   update_date
0000ebde   update_time
0000ebe8   Timer0_A3_Stop
0000ebf0   Timer0_Start
0000ebf8   bmp_as_read_register
0000ec00   bmp_ps_start
0000ec08   stop_alarm
0000ec10   idle_loop
0000ec10   to_lpm
0000ec18   MRFI_GetRadioState
0000ec1e   clear_blink_mem
0000ec24   nwk_freeConnection
0000ec2a   nwk_getBCastAddress
0000ec30   nwk_getFWVersion
0000ec36   nwk_getMyRxType
0000ec3c   start_blink
0000ec42   stop_blink
0000ec48   SMPL_Link
0000ec4c   _system_pre_init
0000ec50   C$$EXIT
0000ec50   abort
0000ec54   bmp_as_write_register
0000ec58   nwk_NVObj
0000ec5c   nwk_getProtocolVersion
0000ec60   nwk_processFreq
0000ec64   nwk_processSecurity
0000ec68   ps_i2c_delay
0000ec6c   _nop
0000ec6e   dummy
0000ec70   mx_hgate
0000ec72   nwk_freqInit
0000ec74   nwk_securityInit
0000ec76   sx_altitude
0000ec78   __etext__
0000ec78   etext
0000ec78   int_to_array_conversion_table
0000ee98   menu_L2_Stopwatch
0000eeaa   menu_L1_Time
0000eebc   menu_L1_Temperature
0000eece   menu_L1_Altitude
0000eee0   menu_L1_Alarm
0000eef2   menu_L1_Acceleration
0000ef04   menu_L2_Date
0000ef16   menu_L2_Homeplug
0000ef28   menu_L2_Homegate
0000ef3a   menu_L2_Counter
0000ef4c   menu_L2_Battery
0000ef5e   menu_L2_Sync
0000ef70   menu_L2_Ctrl
0000ef82   menu_L2_RFAccel
0000ef94   menu_L2_RFBSL
0000f048   mrfiRadioCfg
0000f088   lcd_font
0000f0b4   segments_bitmask
0000f0de   h0
0000f100   p0
0000f192   bmp_mgrav_per_bit
0000f1a0   cma_mgrav_per_bit
0000f1b8   selection_Timeformat
0000f1c0   mrfiBroadcastAddr
0000f1cb   homegate_burst_num
0000f1cc   homegate_safemode
0000f1ce   __cinit__
0000f1ce   cinit
0000ffe0   __TI_int48
0000ffea   __TI_int53
0000ffec   __TI_int54
0000ffee   __TI_int55
0000fff0   __TI_int56
0000fffe   _reset_vector
ffffffff   __binit__
ffffffff   __c_args__
ffffffff   __pinit__
ffffffff   binit
ffffffff   pinit

[1188 symbols]
